sp_counted_base_std_atomic.hpp:87:18:virtual void boost::detail::sp_counted_base::destroy()	8	static
info.hpp:122:13:virtual void boost::exception_detail::error_info_container_impl::add_ref() const	8	static
EVMSchedule.h:28:8:dev::eth::EVMSchedule::~EVMSchedule()	8	static
error_code.hpp:233:30:virtual const char* boost::system::error_category::std_category::name() const	8	static
error_code.hpp:238:29:virtual std::__cxx11::string boost::system::error_category::std_category::message(int) const	32	static
error_code.hpp:621:21:virtual boost::system::error_condition boost::system::error_category::default_error_condition(int) const	8	static
error_code.hpp:633:10:virtual bool boost::system::error_category::equivalent(const boost::system::error_code&, int) const	8	static
VM.cpp:25:6:void {anonymous}::destroy(evmc_instance*)	8	static
sp_counted_impl.hpp:67:25:boost::detail::sp_counted_impl_p<boost::exception_detail::clone_impl<boost::exception_detail::bad_exception_> >::~sp_counted_impl_p()	8	static
sp_counted_impl.hpp:67:25:boost::detail::sp_counted_impl_p<boost::exception_detail::clone_impl<boost::exception_detail::bad_alloc_> >::~sp_counted_impl_p()	8	static
sp_counted_impl.hpp:67:25:boost::detail::sp_counted_impl_p<boost::exception_detail::error_info_base>::~sp_counted_impl_p()	8	static
sp_counted_impl.hpp:95:20:void* boost::detail::sp_counted_impl_p<X>::get_deleter(const sp_typeinfo&) [with X = boost::exception_detail::clone_impl<boost::exception_detail::bad_exception_>]	8	static
sp_counted_impl.hpp:100:20:void* boost::detail::sp_counted_impl_p<X>::get_local_deleter(const sp_typeinfo&) [with X = boost::exception_detail::clone_impl<boost::exception_detail::bad_exception_>]	8	static
sp_counted_impl.hpp:105:20:void* boost::detail::sp_counted_impl_p<X>::get_untyped_deleter() [with X = boost::exception_detail::clone_impl<boost::exception_detail::bad_exception_>]	8	static
sp_counted_impl.hpp:95:20:void* boost::detail::sp_counted_impl_p<X>::get_deleter(const sp_typeinfo&) [with X = boost::exception_detail::clone_impl<boost::exception_detail::bad_alloc_>]	8	static
sp_counted_impl.hpp:100:20:void* boost::detail::sp_counted_impl_p<X>::get_local_deleter(const sp_typeinfo&) [with X = boost::exception_detail::clone_impl<boost::exception_detail::bad_alloc_>]	8	static
sp_counted_impl.hpp:105:20:void* boost::detail::sp_counted_impl_p<X>::get_untyped_deleter() [with X = boost::exception_detail::clone_impl<boost::exception_detail::bad_alloc_>]	8	static
sp_counted_impl.hpp:87:18:void boost::detail::sp_counted_impl_p<X>::dispose() [with X = boost::exception_detail::error_info_base]	8	static
sp_counted_impl.hpp:95:20:void* boost::detail::sp_counted_impl_p<X>::get_deleter(const sp_typeinfo&) [with X = boost::exception_detail::error_info_base]	8	static
sp_counted_impl.hpp:100:20:void* boost::detail::sp_counted_impl_p<X>::get_local_deleter(const sp_typeinfo&) [with X = boost::exception_detail::error_info_base]	8	static
sp_counted_impl.hpp:105:20:void* boost::detail::sp_counted_impl_p<X>::get_untyped_deleter() [with X = boost::exception_detail::error_info_base]	8	static
VM.cpp:30:6:void {anonymous}::delete_output(const evmc_result*)	8	static
sp_counted_impl.hpp:67:25:virtual boost::detail::sp_counted_impl_p<boost::exception_detail::clone_impl<boost::exception_detail::bad_exception_> >::~sp_counted_impl_p()	8	static
sp_counted_impl.hpp:67:25:virtual boost::detail::sp_counted_impl_p<boost::exception_detail::clone_impl<boost::exception_detail::bad_alloc_> >::~sp_counted_impl_p()	8	static
sp_counted_impl.hpp:67:25:virtual boost::detail::sp_counted_impl_p<boost::exception_detail::error_info_base>::~sp_counted_impl_p()	8	static
number.hpp:39:7:boost::multiprecision::number<boost::multiprecision::backends::cpp_int_backend<> >::~number()	8	static
system_error.hpp:59:25:virtual const char* boost::system::system_error::what() const	96	static
exception.hpp:497:13:void boost::exception_detail::clone_impl<T>::rethrow() const [with T = boost::exception_detail::bad_exception_]	32	static
exception.hpp:497:13:void boost::exception_detail::clone_impl<T>::rethrow() const [with T = boost::exception_detail::bad_alloc_]	32	static
system_error.hpp:47:15:boost::system::system_error::~system_error()	16	static
bad_optional_access.hpp:22:7:boost::bad_optional_access::~bad_optional_access()	8	static
bad_optional_access.hpp:22:7:virtual boost::bad_optional_access::~bad_optional_access()	16	static
error_code.hpp:221:13:boost::system::error_category::std_category::~std_category()	8	static
error_code.hpp:221:13:virtual boost::system::error_category::std_category::~std_category()	16	static
cpp_int.hpp:247:9:void boost::multiprecision::backends::cpp_int_base<MinBits, MaxBits, (boost::multiprecision::cpp_integer_type)1, Checked, Allocator, false>::sign(bool) [with unsigned int MinBits = 0; unsigned int MaxBits = 4294967295; boost::multiprecision::cpp_int_check_type Checked = (boost::multiprecision::cpp_int_check_type)0; Allocator = std::allocator<long long unsigned int>]	8	static
bitwise.hpp:430:4:typename boost::enable_if_c<(! boost::multiprecision::backends::is_trivial_cpp_int<boost::multiprecision::backends::cpp_int_backend<MinBits, MaxBits, SignType, Checked, Allocator> >::value)>::type boost::multiprecision::backends::eval_left_shift(boost::multiprecision::backends::cpp_int_backend<MinBits, MaxBits, SignType, Checked, Allocator>&, boost::multiprecision::double_limb_type) [with unsigned int MinBits1 = 256; unsigned int MaxBits1 = 256; boost::multiprecision::cpp_integer_type SignType1 = (boost::multiprecision::cpp_integer_type)0; boost::multiprecision::cpp_int_check_type Checked1 = (boost::multiprecision::cpp_int_check_type)0; Allocator1 = void]	64	static
no_et_ops.hpp:284:4:typename boost::enable_if_c<(boost::is_integral<Arithmetic>::value && (boost::multiprecision::number_category<Num>::value == number_kind_integer)), boost::multiprecision::number<Backend, (boost::multiprecision::expression_template_option)0> >::type boost::multiprecision::operator>>(const boost::multiprecision::number<Backend, (boost::multiprecision::expression_template_option)0>&, const I&) [with B = boost::multiprecision::backends::cpp_int_backend<256, 256, (boost::multiprecision::cpp_integer_type)0, (boost::multiprecision::cpp_int_check_type)0, void>; I = unsigned int]	112	static
cpp_int.hpp:1794:8:int boost::multiprecision::backends::cpp_int_backend<MinBits, MaxBits, SignType, Checked, Allocator>::compare_imp(const boost::multiprecision::backends::cpp_int_backend<MinBits2, MaxBits2, SignType2, Checked2, Allocator2>&, const false_&, const false_&) const [with unsigned int MinBits2 = 256; unsigned int MaxBits2 = 256; boost::multiprecision::cpp_integer_type SignType2 = (boost::multiprecision::cpp_integer_type)1; boost::multiprecision::cpp_int_check_type Checked2 = (boost::multiprecision::cpp_int_check_type)0; Allocator2 = void; unsigned int MinBits = 256; unsigned int MaxBits = 256; boost::multiprecision::cpp_integer_type SignType = (boost::multiprecision::cpp_integer_type)1; boost::multiprecision::cpp_int_check_type Checked = (boost::multiprecision::cpp_int_check_type)0; Allocator = void]	8	static
cpp_int.hpp:644:30:void boost::multiprecision::backends::cpp_int_base<MinBits, MinBits, (boost::multiprecision::cpp_integer_type)0, Checked, void, false>::assign(const boost::multiprecision::backends::cpp_int_base<MinBits, MinBits, (boost::multiprecision::cpp_integer_type)0, Checked, void, false>&) [with unsigned int MinBits = 512; boost::multiprecision::cpp_int_check_type Checked = (boost::multiprecision::cpp_int_check_type)0]	8	static
cpp_int.hpp:1125:9:void boost::multiprecision::backends::cpp_int_backend<MinBits, MaxBits, SignType, Checked, Allocator>::do_assign(const boost::multiprecision::backends::cpp_int_backend<MinBits2, MaxBits2, SignType2, Checked2, Allocator2>&, const false_&, const false_&) [with unsigned int MinBits2 = 512; unsigned int MaxBits2 = 512; boost::multiprecision::cpp_integer_type SignType2 = (boost::multiprecision::cpp_integer_type)0; boost::multiprecision::cpp_int_check_type Checked2 = (boost::multiprecision::cpp_int_check_type)0; Allocator2 = void; unsigned int MinBits = 256; unsigned int MaxBits = 256; boost::multiprecision::cpp_integer_type SignType = (boost::multiprecision::cpp_integer_type)0; boost::multiprecision::cpp_int_check_type Checked = (boost::multiprecision::cpp_int_check_type)0; Allocator = void]	8	static
cpp_int.hpp:1125:9:void boost::multiprecision::backends::cpp_int_backend<MinBits, MaxBits, SignType, Checked, Allocator>::do_assign(const boost::multiprecision::backends::cpp_int_backend<MinBits2, MaxBits2, SignType2, Checked2, Allocator2>&, const false_&, const false_&) [with unsigned int MinBits2 = 160; unsigned int MaxBits2 = 160; boost::multiprecision::cpp_integer_type SignType2 = (boost::multiprecision::cpp_integer_type)0; boost::multiprecision::cpp_int_check_type Checked2 = (boost::multiprecision::cpp_int_check_type)0; Allocator2 = void; unsigned int MinBits = 256; unsigned int MaxBits = 256; boost::multiprecision::cpp_integer_type SignType = (boost::multiprecision::cpp_integer_type)0; boost::multiprecision::cpp_int_check_type Checked = (boost::multiprecision::cpp_int_check_type)0; Allocator = void]	8	static
cpp_int.hpp:1125:9:void boost::multiprecision::backends::cpp_int_backend<MinBits, MaxBits, SignType, Checked, Allocator>::do_assign(const boost::multiprecision::backends::cpp_int_backend<MinBits2, MaxBits2, SignType2, Checked2, Allocator2>&, const false_&, const false_&) [with unsigned int MinBits2 = 256; unsigned int MaxBits2 = 256; boost::multiprecision::cpp_integer_type SignType2 = (boost::multiprecision::cpp_integer_type)0; boost::multiprecision::cpp_int_check_type Checked2 = (boost::multiprecision::cpp_int_check_type)0; Allocator2 = void; unsigned int MinBits = 512; unsigned int MaxBits = 512; boost::multiprecision::cpp_integer_type SignType = (boost::multiprecision::cpp_integer_type)0; boost::multiprecision::cpp_int_check_type Checked = (boost::multiprecision::cpp_int_check_type)0; Allocator = void]	8	static
error_code.hpp:627:10:virtual bool boost::system::error_category::equivalent(int, const boost::system::error_condition&) const	16	static
error_code.hpp:641:33:virtual std::error_condition boost::system::error_category::std_category::default_error_condition(int) const	16	static
error_code.hpp:677:17:virtual bool boost::system::error_category::std_category::equivalent(const std::error_code&, int) const	80	static
system_error.hpp:47:15:virtual boost::system::system_error::~system_error()	16	static
exception.hpp:497:13:virtual void boost::exception_detail::clone_impl<boost::exception_detail::bad_alloc_>::_ZTv0_n32_NK5boost16exception_detail10clone_implINS0_10bad_alloc_EE7rethrowEv() const	32	static
exception.hpp:497:13:virtual void boost::exception_detail::clone_impl<boost::exception_detail::bad_exception_>::_ZTv0_n32_NK5boost16exception_detail10clone_implINS0_14bad_exception_EE7rethrowEv() const	32	static
exception_ptr.hpp:42:5:boost::exception_ptr::~exception_ptr()	16	static
error_code.hpp:647:17:virtual bool boost::system::error_category::std_category::equivalent(int, const std::error_condition&) const	80	static
info.hpp:78:13:virtual boost::shared_ptr<boost::exception_detail::error_info_base> boost::exception_detail::error_info_container_impl::get(const boost::exception_detail::type_info_&) const	48	static
info.hpp:93:13:virtual const char* boost::exception_detail::error_info_container_impl::diagnostic_information(const char*) const	496	static
type_info.hpp:65:13:bool boost::exception_detail::operator<(const boost::exception_detail::type_info_&, const boost::exception_detail::type_info_&)	16	static
sp_counted_base_std_atomic.hpp:106:10:void boost::detail::sp_counted_base::release()	16	static
EVMSchedule.h:28:8:dev::eth::EVMSchedule::EVMSchedule(const dev::eth::EVMSchedule&)	8	static
VM.cpp:107:27:evmc_instance* evmc_create_interpreter()	16	static
VM.cpp:127:10:uint64_t dev::eth::VM::memNeed(dev::u256, dev::u256)	208	static
VM.cpp:149:10:uint64_t dev::eth::VM::decodeJumpDest(const byte*, uint64_t&)	8	static
VM.cpp:157:10:uint64_t dev::eth::VM::decodeJumpvDest(const byte*, uint64_t&, byte)	8	static
VM.cpp:179:6:void dev::eth::VM::adjustStack(int, int)	32	static
VM.cpp:200:6:void dev::eth::VM::updateIOGas()	16	static
VM.cpp:233:6:void dev::eth::VM::fetchInstruction()	32	static
VM.cpp:257:18:dev::eth::owning_bytes_ref dev::eth::VM::exec(evmc_context*, evmc_revision, const evmc_message*, const uint8_t*, size_t)	32	static
VM.cpp:35:13:evmc_result {anonymous}::execute(evmc_instance*, evmc_context*, evmc_revision, const evmc_message*, const uint8_t*, size_t)	144	dynamic,bounded
exception.hpp:348:9:boost::exception_detail::error_info_injector<std::runtime_error>::error_info_injector(const boost::exception_detail::error_info_injector<std::runtime_error>&)	32	static
exception.hpp:497:13:void boost::exception_detail::clone_impl<T>::rethrow() const [with T = boost::exception_detail::error_info_injector<std::runtime_error>]	32	static
exception.hpp:497:13:virtual void boost::exception_detail::clone_impl<boost::exception_detail::error_info_injector<std::runtime_error> >::_ZTv0_n32_NK5boost16exception_detail10clone_implINS0_19error_info_injectorISt13runtime_errorEEE7rethrowEv() const	32	static
exception.hpp:348:9:boost::exception_detail::error_info_injector<std::out_of_range>::error_info_injector(const boost::exception_detail::error_info_injector<std::out_of_range>&)	32	static
exception.hpp:497:13:void boost::exception_detail::clone_impl<T>::rethrow() const [with T = boost::exception_detail::error_info_injector<std::out_of_range>]	32	static
exception.hpp:497:13:virtual void boost::exception_detail::clone_impl<boost::exception_detail::error_info_injector<std::out_of_range> >::_ZTv0_n32_NK5boost16exception_detail10clone_implINS0_19error_info_injectorISt12out_of_rangeEEE7rethrowEv() const	32	static
exception.hpp:348:9:boost::exception_detail::error_info_injector<std::overflow_error>::error_info_injector(const boost::exception_detail::error_info_injector<std::overflow_error>&)	32	static
exception.hpp:497:13:void boost::exception_detail::clone_impl<T>::rethrow() const [with T = boost::exception_detail::error_info_injector<std::overflow_error>]	32	static
exception.hpp:497:13:virtual void boost::exception_detail::clone_impl<boost::exception_detail::error_info_injector<std::overflow_error> >::_ZTv0_n32_NK5boost16exception_detail10clone_implINS0_19error_info_injectorISt14overflow_errorEEE7rethrowEv() const	32	static
stl_tree.h:1850:5:void std::_Rb_tree<_Key, _Val, _KeyOfValue, _Compare, _Alloc>::_M_erase(std::_Rb_tree<_Key, _Val, _KeyOfValue, _Compare, _Alloc>::_Link_type) [with _Key = boost::exception_detail::type_info_; _Val = std::pair<const boost::exception_detail::type_info_, boost::shared_ptr<boost::exception_detail::error_info_base> >; _KeyOfValue = std::_Select1st<std::pair<const boost::exception_detail::type_info_, boost::shared_ptr<boost::exception_detail::error_info_base> > >; _Compare = std::less<boost::exception_detail::type_info_>; _Alloc = std::allocator<std::pair<const boost::exception_detail::type_info_, boost::shared_ptr<boost::exception_detail::error_info_base> > >]	48	static
info.hpp:128:13:virtual bool boost::exception_detail::error_info_container_impl::release() const	16	static
exception.hpp:358:13:virtual void boost::exception_detail::error_info_injector<boost::bad_optional_access>::_ZThn16_N5boost16exception_detail19error_info_injectorINS_19bad_optional_accessEED0Ev()	32	static
exception.hpp:484:13:virtual void boost::exception_detail::clone_impl<boost::exception_detail::error_info_injector<boost::bad_optional_access> >::_ZThn16_N5boost16exception_detail10clone_implINS0_19error_info_injectorINS_19bad_optional_accessEEEED1Ev()	32	static
exception.hpp:484:13:virtual void boost::exception_detail::clone_impl<boost::exception_detail::error_info_injector<boost::bad_optional_access> >::_ZTv0_n40_N5boost16exception_detail10clone_implINS0_19error_info_injectorINS_19bad_optional_accessEEEED0Ev()	32	static
exception.hpp:484:13:virtual void boost::exception_detail::clone_impl<boost::exception_detail::error_info_injector<boost::bad_optional_access> >::_ZTv0_n40_N5boost16exception_detail10clone_implINS0_19error_info_injectorINS_19bad_optional_accessEEEED1Ev()	32	static
exception.hpp:484:13:virtual void boost::exception_detail::clone_impl<boost::exception_detail::error_info_injector<boost::bad_optional_access> >::_ZThn16_N5boost16exception_detail10clone_implINS0_19error_info_injectorINS_19bad_optional_accessEEEED0Ev()	32	static
exception.hpp:358:13:boost::exception_detail::error_info_injector<T>::~error_info_injector() [with T = boost::bad_optional_access]	32	static
exception.hpp:484:13:boost::exception_detail::clone_impl<T>::~clone_impl() [with T = boost::exception_detail::error_info_injector<boost::bad_optional_access>]	32	static
exception.hpp:358:13:virtual void boost::exception_detail::error_info_injector<boost::bad_optional_access>::_ZThn16_N5boost16exception_detail19error_info_injectorINS_19bad_optional_accessEED1Ev()	32	static
exception.hpp:484:13:boost::exception_detail::clone_impl<T>::~clone_impl() [with T = boost::exception_detail::error_info_injector<boost::bad_optional_access>]	32	static
exception.hpp:484:13:virtual void boost::exception_detail::clone_impl<boost::exception_detail::error_info_injector<std::out_of_range> >::_ZThn16_N5boost16exception_detail10clone_implINS0_19error_info_injectorISt12out_of_rangeEEED0Ev()	32	static
exception.hpp:484:13:virtual void boost::exception_detail::clone_impl<boost::exception_detail::error_info_injector<std::out_of_range> >::_ZThn16_N5boost16exception_detail10clone_implINS0_19error_info_injectorISt12out_of_rangeEEED1Ev()	32	static
exception.hpp:484:13:virtual void boost::exception_detail::clone_impl<boost::exception_detail::error_info_injector<std::runtime_error> >::_ZTv0_n40_N5boost16exception_detail10clone_implINS0_19error_info_injectorISt13runtime_errorEEED1Ev()	32	static
exception.hpp:358:13:virtual void boost::exception_detail::error_info_injector<std::out_of_range>::_ZThn16_N5boost16exception_detail19error_info_injectorISt12out_of_rangeED0Ev()	32	static
exception.hpp:484:13:virtual void boost::exception_detail::clone_impl<boost::exception_detail::error_info_injector<std::out_of_range> >::_ZTv0_n40_N5boost16exception_detail10clone_implINS0_19error_info_injectorISt12out_of_rangeEEED0Ev()	32	static
exception.hpp:358:13:virtual void boost::exception_detail::error_info_injector<std::overflow_error>::_ZThn16_N5boost16exception_detail19error_info_injectorISt14overflow_errorED0Ev()	32	static
exception.hpp:484:13:virtual void boost::exception_detail::clone_impl<boost::exception_detail::error_info_injector<std::runtime_error> >::_ZThn16_N5boost16exception_detail10clone_implINS0_19error_info_injectorISt13runtime_errorEEED0Ev()	32	static
exception.hpp:484:13:virtual void boost::exception_detail::clone_impl<boost::exception_detail::error_info_injector<std::overflow_error> >::_ZTv0_n40_N5boost16exception_detail10clone_implINS0_19error_info_injectorISt14overflow_errorEEED0Ev()	32	static
exception.hpp:484:13:virtual void boost::exception_detail::clone_impl<boost::exception_detail::error_info_injector<std::overflow_error> >::_ZThn16_N5boost16exception_detail10clone_implINS0_19error_info_injectorISt14overflow_errorEEED1Ev()	32	static
exception.hpp:358:13:virtual void boost::exception_detail::error_info_injector<std::runtime_error>::_ZThn16_N5boost16exception_detail19error_info_injectorISt13runtime_errorED0Ev()	32	static
exception.hpp:484:13:virtual void boost::exception_detail::clone_impl<boost::exception_detail::error_info_injector<std::overflow_error> >::_ZThn16_N5boost16exception_detail10clone_implINS0_19error_info_injectorISt14overflow_errorEEED0Ev()	32	static
exception.hpp:484:13:virtual void boost::exception_detail::clone_impl<boost::exception_detail::error_info_injector<std::out_of_range> >::_ZTv0_n40_N5boost16exception_detail10clone_implINS0_19error_info_injectorISt12out_of_rangeEEED1Ev()	32	static
exception.hpp:484:13:virtual void boost::exception_detail::clone_impl<boost::exception_detail::error_info_injector<std::overflow_error> >::_ZTv0_n40_N5boost16exception_detail10clone_implINS0_19error_info_injectorISt14overflow_errorEEED1Ev()	32	static
exception.hpp:484:13:virtual void boost::exception_detail::clone_impl<boost::exception_detail::error_info_injector<std::runtime_error> >::_ZTv0_n40_N5boost16exception_detail10clone_implINS0_19error_info_injectorISt13runtime_errorEEED0Ev()	32	static
exception.hpp:484:13:virtual void boost::exception_detail::clone_impl<boost::exception_detail::error_info_injector<std::runtime_error> >::_ZThn16_N5boost16exception_detail10clone_implINS0_19error_info_injectorISt13runtime_errorEEED1Ev()	32	static
exception.hpp:358:13:boost::exception_detail::error_info_injector<T>::~error_info_injector() [with T = std::out_of_range]	32	static
exception.hpp:358:13:boost::exception_detail::error_info_injector<T>::~error_info_injector() [with T = std::runtime_error]	32	static
exception.hpp:358:13:boost::exception_detail::error_info_injector<T>::~error_info_injector() [with T = std::overflow_error]	32	static
exception_ptr.hpp:116:17:boost::exception_detail::bad_exception_::~bad_exception_()	16	static
exception_ptr.hpp:108:17:boost::exception_detail::bad_alloc_::~bad_alloc_()	16	static
exception.hpp:358:13:boost::exception_detail::error_info_injector<T>::~error_info_injector() [with T = boost::bad_optional_access]	32	static
exception.hpp:358:13:boost::exception_detail::error_info_injector<T>::~error_info_injector() [with T = std::out_of_range]	32	static
exception.hpp:358:13:boost::exception_detail::error_info_injector<T>::~error_info_injector() [with T = std::overflow_error]	32	static
exception.hpp:358:13:boost::exception_detail::error_info_injector<T>::~error_info_injector() [with T = std::runtime_error]	32	static
exception.hpp:484:13:boost::exception_detail::clone_impl<T>::~clone_impl() [with T = boost::exception_detail::error_info_injector<std::overflow_error>]	32	static
exception.hpp:484:13:boost::exception_detail::clone_impl<T>::~clone_impl() [with T = boost::exception_detail::error_info_injector<std::out_of_range>]	32	static
exception.hpp:484:13:boost::exception_detail::clone_impl<T>::~clone_impl() [with T = boost::exception_detail::error_info_injector<std::runtime_error>]	32	static
exception.hpp:358:13:virtual void boost::exception_detail::error_info_injector<std::runtime_error>::_ZThn16_N5boost16exception_detail19error_info_injectorISt13runtime_errorED1Ev()	32	static
exception.hpp:358:13:virtual void boost::exception_detail::error_info_injector<std::overflow_error>::_ZThn16_N5boost16exception_detail19error_info_injectorISt14overflow_errorED1Ev()	32	static
exception.hpp:358:13:virtual void boost::exception_detail::error_info_injector<std::out_of_range>::_ZThn16_N5boost16exception_detail19error_info_injectorISt12out_of_rangeED1Ev()	32	static
exception.hpp:484:13:boost::exception_detail::clone_impl<T>::~clone_impl() [with T = boost::exception_detail::error_info_injector<std::runtime_error>]	32	static
exception.hpp:484:13:boost::exception_detail::clone_impl<T>::~clone_impl() [with T = boost::exception_detail::error_info_injector<std::overflow_error>]	32	static
exception.hpp:484:13:boost::exception_detail::clone_impl<T>::~clone_impl() [with T = boost::exception_detail::error_info_injector<std::out_of_range>]	32	static
exception.hpp:440:9:void boost::exception_detail::copy_boost_exception(boost::exception*, const boost::exception*)	64	static
exception_ptr.hpp:121:9:boost::exception_ptr boost::exception_detail::get_static_exception_object() [with Exception = boost::exception_detail::bad_alloc_]	192	static
exception_ptr.hpp:121:9:boost::exception_ptr boost::exception_detail::get_static_exception_object() [with Exception = boost::exception_detail::bad_exception_]	192	static
throw_exception.hpp:62:46:void boost::throw_exception(const E&) [with E = boost::exception_detail::error_info_injector<std::overflow_error>]	96	static
throw_exception.hpp:84:9:void boost::exception_detail::throw_exception_(const E&, const char*, const char*, int) [with E = std::overflow_error]	112	static
exception.hpp:491:13:const boost::exception_detail::clone_base* boost::exception_detail::clone_impl<T>::clone() const [with T = boost::exception_detail::error_info_injector<boost::bad_optional_access>]	32	static
exception.hpp:491:13:const boost::exception_detail::clone_base* boost::exception_detail::clone_impl<T>::clone() const [with T = boost::exception_detail::error_info_injector<std::overflow_error>]	32	static
exception.hpp:491:13:const boost::exception_detail::clone_base* boost::exception_detail::clone_impl<T>::clone() const [with T = boost::exception_detail::bad_exception_]	32	static
exception.hpp:491:13:const boost::exception_detail::clone_base* boost::exception_detail::clone_impl<T>::clone() const [with T = boost::exception_detail::bad_alloc_]	32	static
exception.hpp:491:13:const boost::exception_detail::clone_base* boost::exception_detail::clone_impl<T>::clone() const [with T = boost::exception_detail::error_info_injector<std::out_of_range>]	32	static
exception.hpp:491:13:const boost::exception_detail::clone_base* boost::exception_detail::clone_impl<T>::clone() const [with T = boost::exception_detail::error_info_injector<std::runtime_error>]	32	static
exception.hpp:491:13:virtual const boost::exception_detail::clone_base* boost::exception_detail::clone_impl<boost::exception_detail::error_info_injector<std::runtime_error> >::_ZTv0_n24_NK5boost16exception_detail10clone_implINS0_19error_info_injectorISt13runtime_errorEEE5cloneEv() const	32	static
exception.hpp:491:13:virtual const boost::exception_detail::clone_base* boost::exception_detail::clone_impl<boost::exception_detail::error_info_injector<boost::bad_optional_access> >::_ZTv0_n24_NK5boost16exception_detail10clone_implINS0_19error_info_injectorINS_19bad_optional_accessEEEE5cloneEv() const	32	static
exception.hpp:491:13:virtual const boost::exception_detail::clone_base* boost::exception_detail::clone_impl<boost::exception_detail::error_info_injector<std::out_of_range> >::_ZTv0_n24_NK5boost16exception_detail10clone_implINS0_19error_info_injectorISt12out_of_rangeEEE5cloneEv() const	32	static
exception.hpp:491:13:virtual const boost::exception_detail::clone_base* boost::exception_detail::clone_impl<boost::exception_detail::error_info_injector<std::overflow_error> >::_ZTv0_n24_NK5boost16exception_detail10clone_implINS0_19error_info_injectorISt14overflow_errorEEE5cloneEv() const	32	static
exception.hpp:491:13:virtual const boost::exception_detail::clone_base* boost::exception_detail::clone_impl<boost::exception_detail::bad_exception_>::_ZTv0_n24_NK5boost16exception_detail10clone_implINS0_14bad_exception_EE5cloneEv() const	32	static
exception.hpp:491:13:virtual const boost::exception_detail::clone_base* boost::exception_detail::clone_impl<boost::exception_detail::bad_alloc_>::_ZTv0_n24_NK5boost16exception_detail10clone_implINS0_10bad_alloc_EE5cloneEv() const	32	static
exception.hpp:484:13:virtual void boost::exception_detail::clone_impl<boost::exception_detail::bad_alloc_>::_ZThn40_N5boost16exception_detail10clone_implINS0_10bad_alloc_EED1Ev()	16	static
exception.hpp:484:13:virtual void boost::exception_detail::clone_impl<boost::exception_detail::bad_exception_>::_ZTv0_n40_N5boost16exception_detail10clone_implINS0_14bad_exception_EED0Ev()	32	static
exception.hpp:484:13:virtual void boost::exception_detail::clone_impl<boost::exception_detail::bad_exception_>::_ZThn40_N5boost16exception_detail10clone_implINS0_14bad_exception_EED1Ev()	16	static
exception_ptr.hpp:108:17:virtual void boost::exception_detail::bad_alloc_::_ZThn40_N5boost16exception_detail10bad_alloc_D0Ev()	32	static
exception.hpp:484:13:virtual void boost::exception_detail::clone_impl<boost::exception_detail::bad_exception_>::_ZTv0_n40_N5boost16exception_detail10clone_implINS0_14bad_exception_EED1Ev()	16	static
exception.hpp:484:13:virtual void boost::exception_detail::clone_impl<boost::exception_detail::bad_alloc_>::_ZTv0_n40_N5boost16exception_detail10clone_implINS0_10bad_alloc_EED1Ev()	16	static
exception.hpp:484:13:virtual void boost::exception_detail::clone_impl<boost::exception_detail::bad_exception_>::_ZThn40_N5boost16exception_detail10clone_implINS0_14bad_exception_EED0Ev()	32	static
exception_ptr.hpp:116:17:virtual void boost::exception_detail::bad_exception_::_ZThn40_N5boost16exception_detail14bad_exception_D0Ev()	32	static
exception.hpp:484:13:virtual void boost::exception_detail::clone_impl<boost::exception_detail::bad_alloc_>::_ZTv0_n40_N5boost16exception_detail10clone_implINS0_10bad_alloc_EED0Ev()	32	static
exception.hpp:484:13:virtual void boost::exception_detail::clone_impl<boost::exception_detail::bad_alloc_>::_ZThn40_N5boost16exception_detail10clone_implINS0_10bad_alloc_EED0Ev()	32	static
exception_ptr.hpp:116:17:virtual boost::exception_detail::bad_exception_::~bad_exception_()	32	static
exception_ptr.hpp:108:17:virtual boost::exception_detail::bad_alloc_::~bad_alloc_()	32	static
exception.hpp:484:13:boost::exception_detail::clone_impl<T>::~clone_impl() [with T = boost::exception_detail::bad_alloc_]	16	static
exception.hpp:484:13:boost::exception_detail::clone_impl<T>::~clone_impl() [with T = boost::exception_detail::bad_exception_]	16	static
exception_ptr.hpp:108:17:virtual void boost::exception_detail::bad_alloc_::_ZThn40_N5boost16exception_detail10bad_alloc_D1Ev()	16	static
exception_ptr.hpp:116:17:virtual void boost::exception_detail::bad_exception_::_ZThn40_N5boost16exception_detail14bad_exception_D1Ev()	16	static
exception.hpp:484:13:boost::exception_detail::clone_impl<T>::~clone_impl() [with T = boost::exception_detail::bad_alloc_]	32	static
exception.hpp:484:13:boost::exception_detail::clone_impl<T>::~clone_impl() [with T = boost::exception_detail::bad_exception_]	32	static
sp_counted_impl.hpp:87:18:void boost::detail::sp_counted_impl_p<X>::dispose() [with X = boost::exception_detail::clone_impl<boost::exception_detail::bad_exception_>]	32	static
sp_counted_impl.hpp:87:18:void boost::detail::sp_counted_impl_p<X>::dispose() [with X = boost::exception_detail::clone_impl<boost::exception_detail::bad_alloc_>]	32	static
exception.hpp:348:9:boost::exception_detail::error_info_injector<boost::bad_optional_access>::error_info_injector(const boost::exception_detail::error_info_injector<boost::bad_optional_access>&)	32	static
exception.hpp:497:13:void boost::exception_detail::clone_impl<T>::rethrow() const [with T = boost::exception_detail::error_info_injector<boost::bad_optional_access>]	32	static
exception.hpp:497:13:virtual void boost::exception_detail::clone_impl<boost::exception_detail::error_info_injector<boost::bad_optional_access> >::_ZTv0_n32_NK5boost16exception_detail10clone_implINS0_19error_info_injectorINS_19bad_optional_accessEEEE7rethrowEv() const	32	static
throw_exception.hpp:62:46:void boost::throw_exception(const E&) [with E = boost::bad_optional_access]	112	static
VM.cpp:245:24:const evmc_tx_context& dev::eth::VM::getTxContext()	160	static
stl_tree.h:2028:5:std::pair<std::_Rb_tree_node_base*, std::_Rb_tree_node_base*> std::_Rb_tree<_Key, _Val, _KeyOfValue, _Compare, _Alloc>::_M_get_insert_unique_pos(const key_type&) [with _Key = boost::exception_detail::type_info_; _Val = std::pair<const boost::exception_detail::type_info_, boost::shared_ptr<boost::exception_detail::error_info_base> >; _KeyOfValue = std::_Select1st<std::pair<const boost::exception_detail::type_info_, boost::shared_ptr<boost::exception_detail::error_info_base> > >; _Compare = std::less<boost::exception_detail::type_info_>; _Alloc = std::allocator<std::pair<const boost::exception_detail::type_info_, boost::shared_ptr<boost::exception_detail::error_info_base> > >]	64	static
stl_tree.h:2130:5:std::pair<std::_Rb_tree_node_base*, std::_Rb_tree_node_base*> std::_Rb_tree<_Key, _Val, _KeyOfValue, _Compare, _Alloc>::_M_get_insert_hint_unique_pos(std::_Rb_tree<_Key, _Val, _KeyOfValue, _Compare, _Alloc>::const_iterator, const key_type&) [with _Key = boost::exception_detail::type_info_; _Val = std::pair<const boost::exception_detail::type_info_, boost::shared_ptr<boost::exception_detail::error_info_base> >; _KeyOfValue = std::_Select1st<std::pair<const boost::exception_detail::type_info_, boost::shared_ptr<boost::exception_detail::error_info_base> > >; _Compare = std::less<boost::exception_detail::type_info_>; _Alloc = std::allocator<std::pair<const boost::exception_detail::type_info_, boost::shared_ptr<boost::exception_detail::error_info_base> > >]	48	static
info.hpp:70:13:virtual void boost::exception_detail::error_info_container_impl::set(const boost::shared_ptr<boost::exception_detail::error_info_base>&, const boost::exception_detail::type_info_&)	80	static
info.hpp:140:13:virtual boost::exception_detail::refcount_ptr<boost::exception_detail::error_info_container> boost::exception_detail::error_info_container_impl::clone() const	144	static
multiply.hpp:20:4:typename boost::enable_if_c<((! boost::multiprecision::backends::is_trivial_cpp_int<boost::multiprecision::backends::cpp_int_backend<MinBits, MaxBits, SignType, Checked, Allocator> >::value) && (! boost::multiprecision::backends::is_trivial_cpp_int<boost::multiprecision::backends::cpp_int_backend<MinBits2, MaxBits2, SignType2, Checked2, Allocator2> >::value))>::type boost::multiprecision::backends::eval_multiply(boost::multiprecision::backends::cpp_int_backend<MinBits, MaxBits, SignType, Checked, Allocator>&, const boost::multiprecision::backends::cpp_int_backend<MinBits2, MaxBits2, SignType2, Checked2, Allocator2>&, const limb_type&) [with unsigned int MinBits1 = 256; unsigned int MaxBits1 = 256; boost::multiprecision::cpp_integer_type SignType1 = (boost::multiprecision::cpp_integer_type)0; boost::multiprecision::cpp_int_check_type Checked1 = (boost::multiprecision::cpp_int_check_type)0; Allocator1 = void; unsigned int MinBits2 = 256; unsigned int MaxBits2 = 256; boost::multiprecision::cpp_integer_type SignType2 = (boost::multiprecision::cpp_integer_type)0; boost::multiprecision::cpp_int_check_type Checked2 = (boost::multiprecision::cpp_int_check_type)0; Allocator2 = void]	8	static
multiply.hpp:76:4:typename boost::enable_if_c<(((! boost::multiprecision::backends::is_trivial_cpp_int<boost::multiprecision::backends::cpp_int_backend<MinBits, MaxBits, SignType, Checked, Allocator> >::value) && (! boost::multiprecision::backends::is_trivial_cpp_int<boost::multiprecision::backends::cpp_int_backend<MinBits2, MaxBits2, SignType2, Checked2, Allocator2> >::value)) && (! boost::multiprecision::backends::is_trivial_cpp_int<boost::multiprecision::backends::cpp_int_backend<MinBits3, MaxBits3, SignType3, Checked3, Allocator3> >::value))>::type boost::multiprecision::backends::eval_multiply(boost::multiprecision::backends::cpp_int_backend<MinBits, MaxBits, SignType, Checked, Allocator>&, const boost::multiprecision::backends::cpp_int_backend<MinBits2, MaxBits2, SignType2, Checked2, Allocator2>&, const boost::multiprecision::backends::cpp_int_backend<MinBits3, MaxBits3, SignType3, Checked3, Allocator3>&) [with unsigned int MinBits1 = 256; unsigned int MaxBits1 = 256; boost::multiprecision::cpp_integer_type SignType1 = (boost::multiprecision::cpp_integer_type)0; boost::multiprecision::cpp_int_check_type Checked1 = (boost::multiprecision::cpp_int_check_type)0; Allocator1 = void; unsigned int MinBits2 = 256; unsigned int MaxBits2 = 256; boost::multiprecision::cpp_integer_type SignType2 = (boost::multiprecision::cpp_integer_type)0; boost::multiprecision::cpp_int_check_type Checked2 = (boost::multiprecision::cpp_int_check_type)0; Allocator2 = void; unsigned int MinBits3 = 256; unsigned int MaxBits3 = 256; boost::multiprecision::cpp_integer_type SignType3 = (boost::multiprecision::cpp_integer_type)0; boost::multiprecision::cpp_int_check_type Checked3 = (boost::multiprecision::cpp_int_check_type)0; Allocator3 = void]	160	static
Common.h:184:33:dev::u256 dev::exp10() [with long unsigned int n = 9]	576	static
Common.h:184:33:dev::u256 dev::exp10() [with long unsigned int n = 12]	288	static
Common.h:184:33:dev::u256 dev::exp10() [with long unsigned int n = 15]	432	static
Common.h:184:33:dev::u256 dev::exp10() [with long unsigned int n = 18]	576	static
multiply.hpp:20:4:typename boost::enable_if_c<((! boost::multiprecision::backends::is_trivial_cpp_int<boost::multiprecision::backends::cpp_int_backend<MinBits, MaxBits, SignType, Checked, Allocator> >::value) && (! boost::multiprecision::backends::is_trivial_cpp_int<boost::multiprecision::backends::cpp_int_backend<MinBits2, MaxBits2, SignType2, Checked2, Allocator2> >::value))>::type boost::multiprecision::backends::eval_multiply(boost::multiprecision::backends::cpp_int_backend<MinBits, MaxBits, SignType, Checked, Allocator>&, const boost::multiprecision::backends::cpp_int_backend<MinBits2, MaxBits2, SignType2, Checked2, Allocator2>&, const limb_type&) [with unsigned int MinBits1 = 512; unsigned int MaxBits1 = 512; boost::multiprecision::cpp_integer_type SignType1 = (boost::multiprecision::cpp_integer_type)0; boost::multiprecision::cpp_int_check_type Checked1 = (boost::multiprecision::cpp_int_check_type)0; Allocator1 = void; unsigned int MinBits2 = 512; unsigned int MaxBits2 = 512; boost::multiprecision::cpp_integer_type SignType2 = (boost::multiprecision::cpp_integer_type)0; boost::multiprecision::cpp_int_check_type Checked2 = (boost::multiprecision::cpp_int_check_type)0; Allocator2 = void]	8	static
multiply.hpp:76:4:typename boost::enable_if_c<(((! boost::multiprecision::backends::is_trivial_cpp_int<boost::multiprecision::backends::cpp_int_backend<MinBits, MaxBits, SignType, Checked, Allocator> >::value) && (! boost::multiprecision::backends::is_trivial_cpp_int<boost::multiprecision::backends::cpp_int_backend<MinBits2, MaxBits2, SignType2, Checked2, Allocator2> >::value)) && (! boost::multiprecision::backends::is_trivial_cpp_int<boost::multiprecision::backends::cpp_int_backend<MinBits3, MaxBits3, SignType3, Checked3, Allocator3> >::value))>::type boost::multiprecision::backends::eval_multiply(boost::multiprecision::backends::cpp_int_backend<MinBits, MaxBits, SignType, Checked, Allocator>&, const boost::multiprecision::backends::cpp_int_backend<MinBits2, MaxBits2, SignType2, Checked2, Allocator2>&, const boost::multiprecision::backends::cpp_int_backend<MinBits3, MaxBits3, SignType3, Checked3, Allocator3>&) [with unsigned int MinBits1 = 512; unsigned int MaxBits1 = 512; boost::multiprecision::cpp_integer_type SignType1 = (boost::multiprecision::cpp_integer_type)0; boost::multiprecision::cpp_int_check_type Checked1 = (boost::multiprecision::cpp_int_check_type)0; Allocator1 = void; unsigned int MinBits2 = 512; unsigned int MaxBits2 = 512; boost::multiprecision::cpp_integer_type SignType2 = (boost::multiprecision::cpp_integer_type)0; boost::multiprecision::cpp_int_check_type Checked2 = (boost::multiprecision::cpp_int_check_type)0; Allocator2 = void; unsigned int MinBits3 = 512; unsigned int MaxBits3 = 512; boost::multiprecision::cpp_integer_type SignType3 = (boost::multiprecision::cpp_integer_type)0; boost::multiprecision::cpp_int_check_type Checked3 = (boost::multiprecision::cpp_int_check_type)0; Allocator3 = void]	192	static
add.hpp:22:13:void boost::multiprecision::backends::add_unsigned(CppInt1&, const CppInt2&, const CppInt3&) [with CppInt1 = boost::multiprecision::backends::cpp_int_backend<256, 256, (boost::multiprecision::cpp_integer_type)0, (boost::multiprecision::cpp_int_check_type)0, void>; CppInt2 = boost::multiprecision::backends::cpp_int_backend<256, 256, (boost::multiprecision::cpp_integer_type)0, (boost::multiprecision::cpp_int_check_type)0, void>; CppInt3 = boost::multiprecision::backends::cpp_int_backend<256, 256, (boost::multiprecision::cpp_integer_type)0, (boost::multiprecision::cpp_int_check_type)0, void>]	96	static
throw_exception.hpp:62:46:void boost::throw_exception(const E&) [with E = boost::exception_detail::error_info_injector<std::out_of_range>]	96	static
throw_exception.hpp:84:9:void boost::exception_detail::throw_exception_(const E&, const char*, const char*, int) [with E = std::out_of_range]	112	static
number_base.hpp:967:6:void boost::multiprecision::detail::check_shift_range(V, const false_&, const true_&) [with V = int]	64	static
CommonData.h:138:10:T dev::fromBigEndian(const _In&) [with T = boost::multiprecision::number<boost::multiprecision::backends::cpp_int_backend<160, 160, (boost::multiprecision::cpp_integer_type)0, (boost::multiprecision::cpp_int_check_type)0, void> >; _In = std::array<unsigned char, 20>]	176	static
CommonData.h:138:10:T dev::fromBigEndian(const _In&) [with T = boost::multiprecision::number<boost::multiprecision::backends::cpp_int_backend<256, 256, (boost::multiprecision::cpp_integer_type)0, (boost::multiprecision::cpp_int_check_type)0, void> >; _In = unsigned char [32]]	176	static
CommonData.h:138:10:T dev::fromBigEndian(const _In&) [with T = boost::multiprecision::number<boost::multiprecision::backends::cpp_int_backend<256, 256, (boost::multiprecision::cpp_integer_type)0, (boost::multiprecision::cpp_int_check_type)0, void> >; _In = std::array<unsigned char, 32>]	176	static
bitwise.hpp:189:6:void boost::multiprecision::backends::bitwise_op(CppInt1&, const CppInt2&, Op, const false_&) [with CppInt1 = boost::multiprecision::backends::cpp_int_backend<256, 256, (boost::multiprecision::cpp_integer_type)0, (boost::multiprecision::cpp_int_check_type)0, void>; CppInt2 = boost::multiprecision::backends::cpp_int_backend<256, 256, (boost::multiprecision::cpp_integer_type)0, (boost::multiprecision::cpp_int_check_type)0, void>; Op = boost::multiprecision::backends::bit_and]	8	static
CommonData.h:124:13:void dev::toBigEndian(T, Out&) [with T = boost::multiprecision::number<boost::multiprecision::backends::cpp_int_backend<256, 256, (boost::multiprecision::cpp_integer_type)0, (boost::multiprecision::cpp_int_check_type)0, void> >; Out = std::array<unsigned char, 32>]	176	dynamic,bounded
VMFace.h:79:16:dev::Address dev::eth::asAddress(dev::u256)	128	static
no_et_ops.hpp:244:119:typename boost::enable_if_c<(boost::multiprecision::number_category<Num>::value == number_kind_integer), boost::multiprecision::number<Backend, (boost::multiprecision::expression_template_option)0> >::type boost::multiprecision::operator&(const boost::multiprecision::number<Backend, (boost::multiprecision::expression_template_option)0>&, const boost::multiprecision::number<Backend, (boost::multiprecision::expression_template_option)0>&) [with B = boost::multiprecision::backends::cpp_int_backend<256, 256, (boost::multiprecision::cpp_integer_type)0, (boost::multiprecision::cpp_int_check_type)0, void>]	128	dynamic,bounded
cpp_int.hpp:257:9:void boost::multiprecision::backends::cpp_int_base<MinBits, MaxBits, (boost::multiprecision::cpp_integer_type)1, Checked, Allocator, false>::resize(unsigned int, unsigned int) [with unsigned int MinBits = 0; unsigned int MaxBits = 4294967295; boost::multiprecision::cpp_int_check_type Checked = (boost::multiprecision::cpp_int_check_type)0; Allocator = std::allocator<long long unsigned int>]	48	static
divide.hpp:320:6:void boost::multiprecision::backends::divide_unsigned_helper(CppInt1*, const CppInt2&, boost::multiprecision::limb_type, CppInt1&) [with CppInt1 = boost::multiprecision::backends::cpp_int_backend<512, 512, (boost::multiprecision::cpp_integer_type)0, (boost::multiprecision::cpp_int_check_type)0, void>; CppInt2 = boost::multiprecision::backends::cpp_int_backend<512, 512, (boost::multiprecision::cpp_integer_type)0, (boost::multiprecision::cpp_int_check_type)0, void>]	176	static
add.hpp:22:13:void boost::multiprecision::backends::add_unsigned(CppInt1&, const CppInt2&, const CppInt3&) [with CppInt1 = boost::multiprecision::backends::cpp_int_backend<512, 512, (boost::multiprecision::cpp_integer_type)0, (boost::multiprecision::cpp_int_check_type)0, void>; CppInt2 = boost::multiprecision::backends::cpp_int_backend<512, 512, (boost::multiprecision::cpp_integer_type)0, (boost::multiprecision::cpp_int_check_type)0, void>; CppInt3 = boost::multiprecision::backends::cpp_int_backend<512, 512, (boost::multiprecision::cpp_integer_type)0, (boost::multiprecision::cpp_int_check_type)0, void>]	96	static
add.hpp:97:13:void boost::multiprecision::backends::add_unsigned(CppInt1&, const CppInt2&, const limb_type&) [with CppInt1 = boost::multiprecision::backends::cpp_int_backend<512, 512, (boost::multiprecision::cpp_integer_type)0, (boost::multiprecision::cpp_int_check_type)0, void>; CppInt2 = boost::multiprecision::backends::cpp_int_backend<512, 512, (boost::multiprecision::cpp_integer_type)0, (boost::multiprecision::cpp_int_check_type)0, void>]	24	static
cpp_int.hpp:659:9:void boost::multiprecision::backends::cpp_int_base<MinBits, MinBits, (boost::multiprecision::cpp_integer_type)0, Checked, void, false>::negate() [with unsigned int MinBits = 512; boost::multiprecision::cpp_int_check_type Checked = (boost::multiprecision::cpp_int_check_type)0]	8	static
add.hpp:139:13:void boost::multiprecision::backends::subtract_unsigned(CppInt1&, const CppInt2&, const CppInt3&) [with CppInt1 = boost::multiprecision::backends::cpp_int_backend<512, 512, (boost::multiprecision::cpp_integer_type)0, (boost::multiprecision::cpp_int_check_type)0, void>; CppInt2 = boost::multiprecision::backends::cpp_int_backend<512, 512, (boost::multiprecision::cpp_integer_type)0, (boost::multiprecision::cpp_int_check_type)0, void>; CppInt3 = boost::multiprecision::backends::cpp_int_backend<512, 512, (boost::multiprecision::cpp_integer_type)0, (boost::multiprecision::cpp_int_check_type)0, void>]	112	static
add.hpp:223:13:void boost::multiprecision::backends::subtract_unsigned(CppInt1&, const CppInt2&, const limb_type&) [with CppInt1 = boost::multiprecision::backends::cpp_int_backend<512, 512, (boost::multiprecision::cpp_integer_type)0, (boost::multiprecision::cpp_int_check_type)0, void>; CppInt2 = boost::multiprecision::backends::cpp_int_backend<512, 512, (boost::multiprecision::cpp_integer_type)0, (boost::multiprecision::cpp_int_check_type)0, void>]	16	static
bitwise.hpp:189:6:void boost::multiprecision::backends::bitwise_op(CppInt1&, const CppInt2&, Op, const false_&) [with CppInt1 = boost::multiprecision::backends::cpp_int_backend<256, 256, (boost::multiprecision::cpp_integer_type)0, (boost::multiprecision::cpp_int_check_type)0, void>; CppInt2 = boost::multiprecision::backends::cpp_int_backend<256, 256, (boost::multiprecision::cpp_integer_type)0, (boost::multiprecision::cpp_int_check_type)0, void>; Op = boost::multiprecision::backends::bit_or]	8	static
add.hpp:97:13:void boost::multiprecision::backends::add_unsigned(CppInt1&, const CppInt2&, const limb_type&) [with CppInt1 = boost::multiprecision::backends::cpp_int_backend<256, 256, (boost::multiprecision::cpp_integer_type)0, (boost::multiprecision::cpp_int_check_type)0, void>; CppInt2 = boost::multiprecision::backends::cpp_int_backend<256, 256, (boost::multiprecision::cpp_integer_type)0, (boost::multiprecision::cpp_int_check_type)0, void>]	24	static
cpp_int.hpp:659:9:void boost::multiprecision::backends::cpp_int_base<MinBits, MinBits, (boost::multiprecision::cpp_integer_type)0, Checked, void, false>::negate() [with unsigned int MinBits = 256; boost::multiprecision::cpp_int_check_type Checked = (boost::multiprecision::cpp_int_check_type)0]	8	static
cpp_int.hpp:1861:89:typename boost::enable_if<boost::is_arithmetic<V>, int>::type boost::multiprecision::backends::cpp_int_backend<MinBits, MaxBits, SignType, Checked, Allocator>::compare(Arithmetic) const [with Arithmetic = long long int; unsigned int MinBits = 256; unsigned int MaxBits = 256; boost::multiprecision::cpp_integer_type SignType = (boost::multiprecision::cpp_integer_type)0; boost::multiprecision::cpp_int_check_type Checked = (boost::multiprecision::cpp_int_check_type)0; Allocator = void]	80	static
multiply.hpp:227:4:typename boost::enable_if_c<((! boost::multiprecision::backends::is_trivial_cpp_int<boost::multiprecision::backends::cpp_int_backend<MinBits, MaxBits, SignType, Checked, Allocator> >::value) && (! boost::multiprecision::backends::is_trivial_cpp_int<boost::multiprecision::backends::cpp_int_backend<MinBits2, MaxBits2, SignType2, Checked2, Allocator2> >::value))>::type boost::multiprecision::backends::eval_multiply(boost::multiprecision::backends::cpp_int_backend<MinBits, MaxBits, SignType, Checked, Allocator>&, const boost::multiprecision::backends::cpp_int_backend<MinBits2, MaxBits2, SignType2, Checked2, Allocator2>&, const signed_limb_type&) [with unsigned int MinBits1 = 256; unsigned int MaxBits1 = 256; boost::multiprecision::cpp_integer_type SignType1 = (boost::multiprecision::cpp_integer_type)0; boost::multiprecision::cpp_int_check_type Checked1 = (boost::multiprecision::cpp_int_check_type)0; Allocator1 = void; unsigned int MinBits2 = 256; unsigned int MaxBits2 = 256; boost::multiprecision::cpp_integer_type SignType2 = (boost::multiprecision::cpp_integer_type)0; boost::multiprecision::cpp_int_check_type Checked2 = (boost::multiprecision::cpp_int_check_type)0; Allocator2 = void]	32	static
add.hpp:139:13:void boost::multiprecision::backends::subtract_unsigned(CppInt1&, const CppInt2&, const CppInt3&) [with CppInt1 = boost::multiprecision::backends::cpp_int_backend<256, 256, (boost::multiprecision::cpp_integer_type)0, (boost::multiprecision::cpp_int_check_type)0, void>; CppInt2 = boost::multiprecision::backends::cpp_int_backend<256, 256, (boost::multiprecision::cpp_integer_type)0, (boost::multiprecision::cpp_int_check_type)0, void>; CppInt3 = boost::multiprecision::backends::cpp_int_backend<256, 256, (boost::multiprecision::cpp_integer_type)0, (boost::multiprecision::cpp_int_check_type)0, void>]	112	static
divide.hpp:14:6:void boost::multiprecision::backends::divide_unsigned_helper(CppInt1*, const CppInt2&, const CppInt3&, CppInt1&) [with CppInt1 = boost::multiprecision::backends::cpp_int_backend<512, 512, (boost::multiprecision::cpp_integer_type)0, (boost::multiprecision::cpp_int_check_type)0, void>; CppInt2 = boost::multiprecision::backends::cpp_int_backend<512, 512, (boost::multiprecision::cpp_integer_type)0, (boost::multiprecision::cpp_int_check_type)0, void>; CppInt3 = boost::multiprecision::backends::cpp_int_backend<512, 512, (boost::multiprecision::cpp_integer_type)0, (boost::multiprecision::cpp_int_check_type)0, void>]	208	static
VM.cpp:192:10:uint64_t dev::eth::VM::gasForMem(dev::u512)	496	static
VM.cpp:207:6:void dev::eth::VM::updateGas()	208	static
VM.cpp:216:6:void dev::eth::VM::updateMem(uint64_t)	80	static
VM.cpp:224:6:void dev::eth::VM::logGasMem()	240	static
bitwise.hpp:189:6:void boost::multiprecision::backends::bitwise_op(CppInt1&, const CppInt2&, Op, const false_&) [with CppInt1 = boost::multiprecision::backends::cpp_int_backend<256, 256, (boost::multiprecision::cpp_integer_type)0, (boost::multiprecision::cpp_int_check_type)0, void>; CppInt2 = boost::multiprecision::backends::cpp_int_backend<256, 256, (boost::multiprecision::cpp_integer_type)0, (boost::multiprecision::cpp_int_check_type)0, void>; Op = boost::multiprecision::backends::bit_xor]	8	static
throw_exception.hpp:62:46:void boost::throw_exception(const E&) [with E = boost::exception_detail::error_info_injector<std::runtime_error>]	96	static
throw_exception.hpp:84:9:void boost::exception_detail::throw_exception_(const E&, const char*, const char*, int) [with E = std::runtime_error]	112	static
divide.hpp:320:6:void boost::multiprecision::backends::divide_unsigned_helper(CppInt1*, const CppInt2&, boost::multiprecision::limb_type, CppInt1&) [with CppInt1 = boost::multiprecision::backends::cpp_int_backend<512, 512, (boost::multiprecision::cpp_integer_type)1, (boost::multiprecision::cpp_int_check_type)0, void>; CppInt2 = boost::multiprecision::backends::cpp_int_backend<512, 512, (boost::multiprecision::cpp_integer_type)1, (boost::multiprecision::cpp_int_check_type)0, void>]	192	static
add.hpp:139:13:void boost::multiprecision::backends::subtract_unsigned(CppInt1&, const CppInt2&, const CppInt3&) [with CppInt1 = boost::multiprecision::backends::cpp_int_backend<512, 512, (boost::multiprecision::cpp_integer_type)0, (boost::multiprecision::cpp_int_check_type)0, void>; CppInt2 = boost::multiprecision::backends::cpp_int_backend<256, 256, (boost::multiprecision::cpp_integer_type)0, (boost::multiprecision::cpp_int_check_type)0, void>; CppInt3 = boost::multiprecision::backends::cpp_int_backend<512, 512, (boost::multiprecision::cpp_integer_type)0, (boost::multiprecision::cpp_int_check_type)0, void>]	112	static
divide.hpp:14:6:void boost::multiprecision::backends::divide_unsigned_helper(CppInt1*, const CppInt2&, const CppInt3&, CppInt1&) [with CppInt1 = boost::multiprecision::backends::cpp_int_backend<512, 512, (boost::multiprecision::cpp_integer_type)0, (boost::multiprecision::cpp_int_check_type)0, void>; CppInt2 = boost::multiprecision::backends::cpp_int_backend<512, 512, (boost::multiprecision::cpp_integer_type)0, (boost::multiprecision::cpp_int_check_type)0, void>; CppInt3 = boost::multiprecision::backends::cpp_int_backend<256, 256, (boost::multiprecision::cpp_integer_type)0, (boost::multiprecision::cpp_int_check_type)0, void>]	208	static
divide.hpp:571:4:typename boost::enable_if_c<((! boost::multiprecision::backends::is_trivial_cpp_int<boost::multiprecision::backends::cpp_int_backend<MinBits, MaxBits, SignType, Checked, Allocator> >::value) && (! boost::multiprecision::backends::is_trivial_cpp_int<boost::multiprecision::backends::cpp_int_backend<MinBits2, MaxBits2, SignType2, Checked2, Allocator2> >::value))>::type boost::multiprecision::backends::eval_modulus(boost::multiprecision::backends::cpp_int_backend<MinBits, MaxBits, SignType, Checked, Allocator>&, const boost::multiprecision::backends::cpp_int_backend<MinBits2, MaxBits2, SignType2, Checked2, Allocator2>&) [with unsigned int MinBits1 = 512; unsigned int MaxBits1 = 512; boost::multiprecision::cpp_integer_type SignType1 = (boost::multiprecision::cpp_integer_type)0; boost::multiprecision::cpp_int_check_type Checked1 = (boost::multiprecision::cpp_int_check_type)0; Allocator1 = void; unsigned int MinBits2 = 256; unsigned int MaxBits2 = 256; boost::multiprecision::cpp_integer_type SignType2 = (boost::multiprecision::cpp_integer_type)0; boost::multiprecision::cpp_int_check_type Checked2 = (boost::multiprecision::cpp_int_check_type)0; Allocator2 = void]	112	static
add.hpp:139:13:void boost::multiprecision::backends::subtract_unsigned(CppInt1&, const CppInt2&, const CppInt3&) [with CppInt1 = boost::multiprecision::backends::cpp_int_backend<>; CppInt2 = boost::multiprecision::backends::cpp_int_backend<>; CppInt3 = boost::multiprecision::backends::cpp_int_backend<>]	144	static
add.hpp:22:13:void boost::multiprecision::backends::add_unsigned(CppInt1&, const CppInt2&, const CppInt3&) [with CppInt1 = boost::multiprecision::backends::cpp_int_backend<>; CppInt2 = boost::multiprecision::backends::cpp_int_backend<>; CppInt3 = boost::multiprecision::backends::cpp_int_backend<>]	144	static
add.hpp:22:13:void boost::multiprecision::backends::add_unsigned(CppInt1&, const CppInt2&, const CppInt3&) [with CppInt1 = boost::multiprecision::backends::cpp_int_backend<512, 512, (boost::multiprecision::cpp_integer_type)1, (boost::multiprecision::cpp_int_check_type)0, void>; CppInt2 = boost::multiprecision::backends::cpp_int_backend<512, 512, (boost::multiprecision::cpp_integer_type)1, (boost::multiprecision::cpp_int_check_type)0, void>; CppInt3 = boost::multiprecision::backends::cpp_int_backend<512, 512, (boost::multiprecision::cpp_integer_type)1, (boost::multiprecision::cpp_int_check_type)0, void>]	112	static
add.hpp:139:13:void boost::multiprecision::backends::subtract_unsigned(CppInt1&, const CppInt2&, const CppInt3&) [with CppInt1 = boost::multiprecision::backends::cpp_int_backend<512, 512, (boost::multiprecision::cpp_integer_type)1, (boost::multiprecision::cpp_int_check_type)0, void>; CppInt2 = boost::multiprecision::backends::cpp_int_backend<512, 512, (boost::multiprecision::cpp_integer_type)1, (boost::multiprecision::cpp_int_check_type)0, void>; CppInt3 = boost::multiprecision::backends::cpp_int_backend<512, 512, (boost::multiprecision::cpp_integer_type)1, (boost::multiprecision::cpp_int_check_type)0, void>]	112	static
add.hpp:447:4:typename boost::enable_if_c<(((! boost::multiprecision::backends::is_trivial_cpp_int<boost::multiprecision::backends::cpp_int_backend<MinBits, MaxBits, SignType, Checked, Allocator> >::value) && (! boost::multiprecision::backends::is_trivial_cpp_int<boost::multiprecision::backends::cpp_int_backend<MinBits2, MaxBits2, SignType2, Checked2, Allocator2> >::value)) && (! boost::multiprecision::backends::is_trivial_cpp_int<boost::multiprecision::backends::cpp_int_backend<MinBits3, MaxBits3, SignType3, Checked3, Allocator3> >::value))>::type boost::multiprecision::backends::eval_subtract(boost::multiprecision::backends::cpp_int_backend<MinBits, MaxBits, SignType, Checked, Allocator>&, const boost::multiprecision::backends::cpp_int_backend<MinBits2, MaxBits2, SignType2, Checked2, Allocator2>&, const boost::multiprecision::backends::cpp_int_backend<MinBits3, MaxBits3, SignType3, Checked3, Allocator3>&) [with unsigned int MinBits1 = 512; unsigned int MaxBits1 = 512; boost::multiprecision::cpp_integer_type SignType1 = (boost::multiprecision::cpp_integer_type)1; boost::multiprecision::cpp_int_check_type Checked1 = (boost::multiprecision::cpp_int_check_type)0; Allocator1 = void; unsigned int MinBits2 = 512; unsigned int MaxBits2 = 512; boost::multiprecision::cpp_integer_type SignType2 = (boost::multiprecision::cpp_integer_type)1; boost::multiprecision::cpp_int_check_type Checked2 = (boost::multiprecision::cpp_int_check_type)0; Allocator2 = void; unsigned int MinBits3 = 512; unsigned int MaxBits3 = 512; boost::multiprecision::cpp_integer_type SignType3 = (boost::multiprecision::cpp_integer_type)1; boost::multiprecision::cpp_int_check_type Checked3 = (boost::multiprecision::cpp_int_check_type)0; Allocator3 = void]	8	static
bitwise.hpp:372:13:void boost::multiprecision::backends::left_shift_generic(Int&, boost::multiprecision::double_limb_type) [with Int = boost::multiprecision::backends::cpp_int_backend<>]	64	static
Common.h:154:13:dev::s256 dev::u2s(dev::u256)	240	static
Common.h:164:13:dev::u256 dev::s2u(dev::s256)	240	static
add.hpp:223:13:void boost::multiprecision::backends::subtract_unsigned(CppInt1&, const CppInt2&, const limb_type&) [with CppInt1 = boost::multiprecision::backends::cpp_int_backend<512, 512, (boost::multiprecision::cpp_integer_type)1, (boost::multiprecision::cpp_int_check_type)0, void>; CppInt2 = boost::multiprecision::backends::cpp_int_backend<512, 512, (boost::multiprecision::cpp_integer_type)1, (boost::multiprecision::cpp_int_check_type)0, void>]	32	static
add.hpp:97:13:void boost::multiprecision::backends::add_unsigned(CppInt1&, const CppInt2&, const limb_type&) [with CppInt1 = boost::multiprecision::backends::cpp_int_backend<512, 512, (boost::multiprecision::cpp_integer_type)1, (boost::multiprecision::cpp_int_check_type)0, void>; CppInt2 = boost::multiprecision::backends::cpp_int_backend<512, 512, (boost::multiprecision::cpp_integer_type)1, (boost::multiprecision::cpp_int_check_type)0, void>]	56	static
divide.hpp:14:6:void boost::multiprecision::backends::divide_unsigned_helper(CppInt1*, const CppInt2&, const CppInt3&, CppInt1&) [with CppInt1 = boost::multiprecision::backends::cpp_int_backend<512, 512, (boost::multiprecision::cpp_integer_type)1, (boost::multiprecision::cpp_int_check_type)0, void>; CppInt2 = boost::multiprecision::backends::cpp_int_backend<512, 512, (boost::multiprecision::cpp_integer_type)1, (boost::multiprecision::cpp_int_check_type)0, void>; CppInt3 = boost::multiprecision::backends::cpp_int_backend<512, 512, (boost::multiprecision::cpp_integer_type)1, (boost::multiprecision::cpp_int_check_type)0, void>]	224	static
VM.cpp:133:3:S dev::eth::divWorkaround(const S&, const S&) [with S = boost::multiprecision::number<boost::multiprecision::backends::cpp_int_backend<256, 256, (boost::multiprecision::cpp_integer_type)1, (boost::multiprecision::cpp_int_check_type)0, void> >]	400	static
VM.cpp:139:3:S dev::eth::modWorkaround(const S&, const S&) [with S = boost::multiprecision::number<boost::multiprecision::backends::cpp_int_backend<256, 256, (boost::multiprecision::cpp_integer_type)1, (boost::multiprecision::cpp_int_check_type)0, void> >]	304	static
VM.cpp:139:3:S dev::eth::modWorkaround(const S&, const S&) [with S = boost::multiprecision::number<boost::multiprecision::backends::cpp_int_backend<256, 256, (boost::multiprecision::cpp_integer_type)0, (boost::multiprecision::cpp_int_check_type)0, void> >]	288	static
VM.cpp:133:3:S dev::eth::divWorkaround(const S&, const S&) [with S = boost::multiprecision::number<boost::multiprecision::backends::cpp_int_backend<256, 256, (boost::multiprecision::cpp_integer_type)0, (boost::multiprecision::cpp_int_check_type)0, void> >]	368	static
VM.cpp:1422:1:cpp)	240	static
cpp_int.hpp:1366:9:void boost::multiprecision::backends::cpp_int_backend<MinBits, MaxBits, SignType, Checked, Allocator>::do_assign_string(const char*, const false_&) [with unsigned int MinBits = 256; unsigned int MaxBits = 256; boost::multiprecision::cpp_integer_type SignType = (boost::multiprecision::cpp_integer_type)0; boost::multiprecision::cpp_int_check_type Checked = (boost::multiprecision::cpp_int_check_type)0; Allocator = void]	208	static
VM.cpp:280:6:void dev::eth::VM::interpretCases()	912	dynamic,bounded
