locale_facets.h:1082:7:virtual std::ctype<char>::char_type std::ctype<char>::do_widen(char) const	8	static
bad_lexical_cast.hpp:54:29:virtual const char* boost::bad_lexical_cast::what() const	8	static
sp_counted_base_std_atomic.hpp:87:18:virtual void boost::detail::sp_counted_base::destroy()	8	static
info.hpp:122:13:virtual void boost::exception_detail::error_info_container_impl::add_ref() const	8	static
EVMSchedule.h:28:8:dev::eth::EVMSchedule::~EVMSchedule()	8	static
error_code.hpp:233:30:virtual const char* boost::system::error_category::std_category::name() const	8	static
error_code.hpp:238:29:virtual std::__cxx11::string boost::system::error_category::std_category::message(int) const	32	static
error_code.hpp:621:21:virtual boost::system::error_condition boost::system::error_category::default_error_condition(int) const	8	static
error_code.hpp:633:10:virtual bool boost::system::error_category::equivalent(const boost::system::error_code&, int) const	8	static
VMFace.h:30:1:virtual const char* dev::eth::BadInstruction::what() const	8	static
VMFace.h:31:1:virtual const char* dev::eth::BadJumpDestination::what() const	8	static
VMFace.h:32:1:virtual const char* dev::eth::OutOfGas::what() const	8	static
VMFace.h:33:1:virtual const char* dev::eth::OutOfStack::what() const	8	static
VMFace.h:34:1:virtual const char* dev::eth::StackUnderflow::what() const	8	static
VMFace.h:35:1:virtual const char* dev::eth::DisallowedStateChange::what() const	8	static
VMFace.h:36:1:virtual const char* dev::eth::BufferOverrun::what() const	8	static
VMFace.h:53:14:virtual const char* dev::eth::RevertInstruction::what() const	8	static
sp_counted_impl.hpp:67:25:boost::detail::sp_counted_impl_p<boost::error_info<dev::tag_got, boost::multiprecision::number<boost::multiprecision::backends::cpp_int_backend<> > > >::~sp_counted_impl_p()	8	static
sp_counted_impl.hpp:67:25:boost::detail::sp_counted_impl_p<boost::error_info<dev::tag_required, boost::multiprecision::number<boost::multiprecision::backends::cpp_int_backend<> > > >::~sp_counted_impl_p()	8	static
sp_counted_impl.hpp:67:25:boost::detail::sp_counted_impl_p<boost::exception_detail::clone_impl<boost::exception_detail::bad_exception_> >::~sp_counted_impl_p()	8	static
sp_counted_impl.hpp:67:25:boost::detail::sp_counted_impl_p<boost::exception_detail::clone_impl<boost::exception_detail::bad_alloc_> >::~sp_counted_impl_p()	8	static
sp_counted_impl.hpp:67:25:boost::detail::sp_counted_impl_p<boost::exception_detail::error_info_base>::~sp_counted_impl_p()	8	static
sp_counted_impl.hpp:95:20:void* boost::detail::sp_counted_impl_p<X>::get_deleter(const sp_typeinfo&) [with X = boost::error_info<dev::tag_got, boost::multiprecision::number<boost::multiprecision::backends::cpp_int_backend<> > >]	8	static
sp_counted_impl.hpp:100:20:void* boost::detail::sp_counted_impl_p<X>::get_local_deleter(const sp_typeinfo&) [with X = boost::error_info<dev::tag_got, boost::multiprecision::number<boost::multiprecision::backends::cpp_int_backend<> > >]	8	static
sp_counted_impl.hpp:105:20:void* boost::detail::sp_counted_impl_p<X>::get_untyped_deleter() [with X = boost::error_info<dev::tag_got, boost::multiprecision::number<boost::multiprecision::backends::cpp_int_backend<> > >]	8	static
sp_counted_impl.hpp:95:20:void* boost::detail::sp_counted_impl_p<X>::get_deleter(const sp_typeinfo&) [with X = boost::error_info<dev::tag_required, boost::multiprecision::number<boost::multiprecision::backends::cpp_int_backend<> > >]	8	static
sp_counted_impl.hpp:100:20:void* boost::detail::sp_counted_impl_p<X>::get_local_deleter(const sp_typeinfo&) [with X = boost::error_info<dev::tag_required, boost::multiprecision::number<boost::multiprecision::backends::cpp_int_backend<> > >]	8	static
sp_counted_impl.hpp:105:20:void* boost::detail::sp_counted_impl_p<X>::get_untyped_deleter() [with X = boost::error_info<dev::tag_required, boost::multiprecision::number<boost::multiprecision::backends::cpp_int_backend<> > >]	8	static
sp_counted_impl.hpp:95:20:void* boost::detail::sp_counted_impl_p<X>::get_deleter(const sp_typeinfo&) [with X = boost::exception_detail::clone_impl<boost::exception_detail::bad_exception_>]	8	static
sp_counted_impl.hpp:100:20:void* boost::detail::sp_counted_impl_p<X>::get_local_deleter(const sp_typeinfo&) [with X = boost::exception_detail::clone_impl<boost::exception_detail::bad_exception_>]	8	static
sp_counted_impl.hpp:105:20:void* boost::detail::sp_counted_impl_p<X>::get_untyped_deleter() [with X = boost::exception_detail::clone_impl<boost::exception_detail::bad_exception_>]	8	static
sp_counted_impl.hpp:95:20:void* boost::detail::sp_counted_impl_p<X>::get_deleter(const sp_typeinfo&) [with X = boost::exception_detail::clone_impl<boost::exception_detail::bad_alloc_>]	8	static
sp_counted_impl.hpp:100:20:void* boost::detail::sp_counted_impl_p<X>::get_local_deleter(const sp_typeinfo&) [with X = boost::exception_detail::clone_impl<boost::exception_detail::bad_alloc_>]	8	static
sp_counted_impl.hpp:105:20:void* boost::detail::sp_counted_impl_p<X>::get_untyped_deleter() [with X = boost::exception_detail::clone_impl<boost::exception_detail::bad_alloc_>]	8	static
sp_counted_impl.hpp:87:18:void boost::detail::sp_counted_impl_p<X>::dispose() [with X = boost::exception_detail::error_info_base]	8	static
sp_counted_impl.hpp:95:20:void* boost::detail::sp_counted_impl_p<X>::get_deleter(const sp_typeinfo&) [with X = boost::exception_detail::error_info_base]	8	static
sp_counted_impl.hpp:100:20:void* boost::detail::sp_counted_impl_p<X>::get_local_deleter(const sp_typeinfo&) [with X = boost::exception_detail::error_info_base]	8	static
sp_counted_impl.hpp:105:20:void* boost::detail::sp_counted_impl_p<X>::get_untyped_deleter() [with X = boost::exception_detail::error_info_base]	8	static
exception.hpp:358:13:boost::exception_detail::error_info_injector<T>::~error_info_injector() [with T = std::range_error]	16	static
exception.hpp:484:13:boost::exception_detail::clone_impl<T>::~clone_impl() [with T = boost::exception_detail::error_info_injector<std::range_error>]	8	static
sp_counted_impl.hpp:67:25:virtual boost::detail::sp_counted_impl_p<boost::error_info<dev::tag_got, boost::multiprecision::number<boost::multiprecision::backends::cpp_int_backend<> > > >::~sp_counted_impl_p()	8	static
sp_counted_impl.hpp:67:25:virtual boost::detail::sp_counted_impl_p<boost::error_info<dev::tag_required, boost::multiprecision::number<boost::multiprecision::backends::cpp_int_backend<> > > >::~sp_counted_impl_p()	8	static
sp_counted_impl.hpp:67:25:virtual boost::detail::sp_counted_impl_p<boost::exception_detail::clone_impl<boost::exception_detail::bad_exception_> >::~sp_counted_impl_p()	8	static
sp_counted_impl.hpp:67:25:virtual boost::detail::sp_counted_impl_p<boost::exception_detail::clone_impl<boost::exception_detail::bad_alloc_> >::~sp_counted_impl_p()	8	static
sp_counted_impl.hpp:67:25:virtual boost::detail::sp_counted_impl_p<boost::exception_detail::error_info_base>::~sp_counted_impl_p()	8	static
exception.hpp:358:13:boost::exception_detail::error_info_injector<T>::~error_info_injector() [with T = std::range_error]	16	static
exception.hpp:484:13:boost::exception_detail::clone_impl<T>::~clone_impl() [with T = boost::exception_detail::error_info_injector<std::range_error>]	16	static
error_info_impl.hpp:76:9:boost::error_info<Tag, T>::~error_info() [with Tag = dev::tag_got; T = boost::multiprecision::number<boost::multiprecision::backends::cpp_int_backend<> >]	8	static
error_info_impl.hpp:76:9:boost::error_info<Tag, T>::~error_info() [with Tag = dev::tag_got; T = boost::multiprecision::number<boost::multiprecision::backends::cpp_int_backend<> >]	16	static
error_info_impl.hpp:76:9:boost::error_info<Tag, T>::~error_info() [with Tag = dev::tag_required; T = boost::multiprecision::number<boost::multiprecision::backends::cpp_int_backend<> >]	8	static
error_info_impl.hpp:76:9:boost::error_info<Tag, T>::~error_info() [with Tag = dev::tag_required; T = boost::multiprecision::number<boost::multiprecision::backends::cpp_int_backend<> >]	16	static
exception.hpp:358:13:boost::exception_detail::error_info_injector<T>::~error_info_injector() [with T = std::runtime_error]	16	static
exception.hpp:358:13:boost::exception_detail::error_info_injector<T>::~error_info_injector() [with T = std::runtime_error]	16	static
exception.hpp:484:13:boost::exception_detail::clone_impl<T>::~clone_impl() [with T = boost::exception_detail::error_info_injector<std::runtime_error>]	8	static
exception.hpp:484:13:boost::exception_detail::clone_impl<T>::~clone_impl() [with T = boost::exception_detail::error_info_injector<std::runtime_error>]	16	static
system_error.hpp:47:15:boost::system::system_error::~system_error()	16	static
exception.hpp:497:13:void boost::exception_detail::clone_impl<T>::rethrow() const [with T = boost::exception_detail::bad_exception_]	32	static
exception.hpp:497:13:void boost::exception_detail::clone_impl<T>::rethrow() const [with T = boost::exception_detail::bad_alloc_]	32	static
bad_lexical_cast.hpp:59:17:boost::bad_lexical_cast::~bad_lexical_cast()	8	static
bad_lexical_cast.hpp:59:17:virtual boost::bad_lexical_cast::~bad_lexical_cast()	16	static
exception.hpp:358:13:boost::exception_detail::error_info_injector<T>::~error_info_injector() [with T = boost::bad_lexical_cast]	16	static
exception.hpp:358:13:boost::exception_detail::error_info_injector<T>::~error_info_injector() [with T = boost::bad_lexical_cast]	16	static
exception.hpp:484:13:boost::exception_detail::clone_impl<T>::~clone_impl() [with T = boost::exception_detail::error_info_injector<boost::bad_lexical_cast>]	8	static
exception.hpp:484:13:boost::exception_detail::clone_impl<T>::~clone_impl() [with T = boost::exception_detail::error_info_injector<boost::bad_lexical_cast>]	16	static
exception.hpp:358:13:boost::exception_detail::error_info_injector<T>::~error_info_injector() [with T = std::overflow_error]	16	static
exception.hpp:358:13:boost::exception_detail::error_info_injector<T>::~error_info_injector() [with T = std::overflow_error]	16	static
exception.hpp:484:13:boost::exception_detail::clone_impl<T>::~clone_impl() [with T = boost::exception_detail::error_info_injector<std::overflow_error>]	8	static
exception.hpp:484:13:boost::exception_detail::clone_impl<T>::~clone_impl() [with T = boost::exception_detail::error_info_injector<std::overflow_error>]	16	static
exception_ptr.hpp:116:17:boost::exception_detail::bad_exception_::~bad_exception_()	16	static
exception_ptr.hpp:116:17:virtual boost::exception_detail::bad_exception_::~bad_exception_()	16	static
exception.hpp:484:13:boost::exception_detail::clone_impl<T>::~clone_impl() [with T = boost::exception_detail::bad_exception_]	8	static
exception.hpp:484:13:boost::exception_detail::clone_impl<T>::~clone_impl() [with T = boost::exception_detail::bad_exception_]	16	static
exception_ptr.hpp:108:17:boost::exception_detail::bad_alloc_::~bad_alloc_()	16	static
exception_ptr.hpp:108:17:virtual boost::exception_detail::bad_alloc_::~bad_alloc_()	16	static
exception.hpp:484:13:boost::exception_detail::clone_impl<T>::~clone_impl() [with T = boost::exception_detail::bad_alloc_]	8	static
exception.hpp:484:13:boost::exception_detail::clone_impl<T>::~clone_impl() [with T = boost::exception_detail::bad_alloc_]	16	static
VMFace.h:32:1:virtual dev::eth::OutOfGas::~OutOfGas()	16	static
VMFace.h:32:1:virtual dev::eth::OutOfGas::~OutOfGas()	16	static
VMFace.h:30:1:virtual dev::eth::BadInstruction::~BadInstruction()	16	static
VMFace.h:30:1:virtual dev::eth::BadInstruction::~BadInstruction()	16	static
VMFace.h:31:1:virtual dev::eth::BadJumpDestination::~BadJumpDestination()	16	static
VMFace.h:31:1:virtual dev::eth::BadJumpDestination::~BadJumpDestination()	16	static
VMFace.h:35:1:virtual dev::eth::DisallowedStateChange::~DisallowedStateChange()	16	static
VMFace.h:35:1:virtual dev::eth::DisallowedStateChange::~DisallowedStateChange()	16	static
VMFace.h:34:1:virtual dev::eth::StackUnderflow::~StackUnderflow()	16	static
VMFace.h:34:1:virtual dev::eth::StackUnderflow::~StackUnderflow()	16	static
VMFace.h:33:1:virtual dev::eth::OutOfStack::~OutOfStack()	16	static
VMFace.h:33:1:virtual dev::eth::OutOfStack::~OutOfStack()	16	static
VMFace.h:36:1:virtual dev::eth::BufferOverrun::~BufferOverrun()	16	static
VMFace.h:36:1:virtual dev::eth::BufferOverrun::~BufferOverrun()	16	static
VMFace.h:45:8:virtual dev::eth::RevertInstruction::~RevertInstruction()	16	static
VMFace.h:45:8:virtual dev::eth::RevertInstruction::~RevertInstruction()	16	static
exception.hpp:358:13:boost::exception_detail::error_info_injector<T>::~error_info_injector() [with T = std::out_of_range]	16	static
exception.hpp:358:13:boost::exception_detail::error_info_injector<T>::~error_info_injector() [with T = std::out_of_range]	16	static
exception.hpp:484:13:boost::exception_detail::clone_impl<T>::~clone_impl() [with T = boost::exception_detail::error_info_injector<std::out_of_range>]	8	static
exception.hpp:484:13:boost::exception_detail::clone_impl<T>::~clone_impl() [with T = boost::exception_detail::error_info_injector<std::out_of_range>]	16	static
error_code.hpp:221:13:boost::system::error_category::std_category::~std_category()	8	static
error_code.hpp:221:13:virtual boost::system::error_category::std_category::~std_category()	16	static
cpp_int.hpp:247:9:void boost::multiprecision::backends::cpp_int_base<MinBits, MaxBits, (boost::multiprecision::cpp_integer_type)1, Checked, Allocator, false>::sign(bool) [with unsigned int MinBits = 0; unsigned int MaxBits = 4294967295; boost::multiprecision::cpp_int_check_type Checked = (boost::multiprecision::cpp_int_check_type)0; Allocator = std::allocator<long long unsigned int>]	8	static
basic_string.tcc:206:7:void std::__cxx11::basic_string<_CharT, _Traits, _Alloc>::_M_construct(_InIterator, _InIterator, std::forward_iterator_tag) [with _FwdIterator = const char*; _CharT = char; _Traits = std::char_traits<char>; _Alloc = std::allocator<char>]	48	static
basic_string.h:509:7:std::__cxx11::basic_string<_CharT, _Traits, _Alloc>::basic_string(const _CharT*, const _Alloc&) [with _CharT = char; _Traits = std::char_traits<char>; _Alloc = std::allocator<char>]	32	static
error_code.hpp:641:33:virtual std::error_condition boost::system::error_category::std_category::default_error_condition(int) const	16	static
error_code.hpp:677:17:virtual bool boost::system::error_category::std_category::equivalent(const std::error_code&, int) const	80	static
VMFace.h:35:1:virtual void dev::eth::DisallowedStateChange::_ZTv0_n24_N3dev3eth21DisallowedStateChangeD0Ev()	16	static
VMFace.h:30:1:virtual void dev::eth::BadInstruction::_ZTv0_n24_N3dev3eth14BadInstructionD0Ev()	16	static
VMFace.h:32:1:virtual void dev::eth::OutOfGas::_ZTv0_n24_N3dev3eth8OutOfGasD0Ev()	16	static
VMFace.h:31:1:virtual void dev::eth::BadJumpDestination::_ZTv0_n24_N3dev3eth18BadJumpDestinationD0Ev()	16	static
exception_ptr.hpp:116:17:virtual void boost::exception_detail::bad_exception_::_ZThn40_N5boost16exception_detail14bad_exception_D0Ev()	16	static
exception.hpp:358:13:virtual void boost::exception_detail::error_info_injector<std::runtime_error>::_ZThn16_N5boost16exception_detail19error_info_injectorISt13runtime_errorED0Ev()	16	static
VMFace.h:36:1:virtual void dev::eth::BufferOverrun::_ZTv0_n24_N3dev3eth13BufferOverrunD0Ev()	16	static
exception.hpp:358:13:virtual void boost::exception_detail::error_info_injector<std::overflow_error>::_ZThn16_N5boost16exception_detail19error_info_injectorISt14overflow_errorED0Ev()	16	static
VMFace.h:45:8:virtual void dev::eth::RevertInstruction::_ZTv0_n24_N3dev3eth17RevertInstructionD0Ev()	16	static
VMFace.h:33:1:virtual void dev::eth::OutOfStack::_ZTv0_n24_N3dev3eth10OutOfStackD0Ev()	16	static
exception.hpp:358:13:virtual void boost::exception_detail::error_info_injector<std::range_error>::_ZThn16_N5boost16exception_detail19error_info_injectorISt11range_errorED0Ev()	16	static
exception_ptr.hpp:108:17:virtual void boost::exception_detail::bad_alloc_::_ZThn40_N5boost16exception_detail10bad_alloc_D0Ev()	16	static
exception.hpp:358:13:virtual void boost::exception_detail::error_info_injector<boost::bad_lexical_cast>::_ZThn24_N5boost16exception_detail19error_info_injectorINS_16bad_lexical_castEED0Ev()	16	static
exception.hpp:358:13:virtual void boost::exception_detail::error_info_injector<std::out_of_range>::_ZThn16_N5boost16exception_detail19error_info_injectorISt12out_of_rangeED0Ev()	16	static
VMFace.h:34:1:virtual void dev::eth::StackUnderflow::_ZTv0_n24_N3dev3eth14StackUnderflowD0Ev()	16	static
exception.hpp:484:13:virtual void boost::exception_detail::clone_impl<boost::exception_detail::error_info_injector<std::runtime_error> >::_ZTv0_n40_N5boost16exception_detail10clone_implINS0_19error_info_injectorISt13runtime_errorEEED1Ev()	8	static
exception.hpp:484:13:virtual void boost::exception_detail::clone_impl<boost::exception_detail::error_info_injector<std::runtime_error> >::_ZThn16_N5boost16exception_detail10clone_implINS0_19error_info_injectorISt13runtime_errorEEED1Ev()	8	static
exception.hpp:484:13:virtual void boost::exception_detail::clone_impl<boost::exception_detail::bad_alloc_>::_ZTv0_n40_N5boost16exception_detail10clone_implINS0_10bad_alloc_EED1Ev()	8	static
exception.hpp:484:13:virtual void boost::exception_detail::clone_impl<boost::exception_detail::error_info_injector<boost::bad_lexical_cast> >::_ZThn24_N5boost16exception_detail10clone_implINS0_19error_info_injectorINS_16bad_lexical_castEEEED1Ev()	8	static
exception.hpp:484:13:virtual void boost::exception_detail::clone_impl<boost::exception_detail::error_info_injector<std::range_error> >::_ZTv0_n40_N5boost16exception_detail10clone_implINS0_19error_info_injectorISt11range_errorEEED1Ev()	8	static
exception.hpp:484:13:virtual void boost::exception_detail::clone_impl<boost::exception_detail::bad_exception_>::_ZTv0_n40_N5boost16exception_detail10clone_implINS0_14bad_exception_EED1Ev()	8	static
exception.hpp:484:13:virtual void boost::exception_detail::clone_impl<boost::exception_detail::bad_exception_>::_ZThn40_N5boost16exception_detail10clone_implINS0_14bad_exception_EED1Ev()	8	static
exception.hpp:484:13:virtual void boost::exception_detail::clone_impl<boost::exception_detail::bad_alloc_>::_ZThn40_N5boost16exception_detail10clone_implINS0_10bad_alloc_EED1Ev()	8	static
exception.hpp:484:13:virtual void boost::exception_detail::clone_impl<boost::exception_detail::error_info_injector<boost::bad_lexical_cast> >::_ZTv0_n40_N5boost16exception_detail10clone_implINS0_19error_info_injectorINS_16bad_lexical_castEEEED1Ev()	8	static
exception.hpp:484:13:virtual void boost::exception_detail::clone_impl<boost::exception_detail::error_info_injector<std::overflow_error> >::_ZTv0_n40_N5boost16exception_detail10clone_implINS0_19error_info_injectorISt14overflow_errorEEED1Ev()	8	static
exception.hpp:484:13:virtual void boost::exception_detail::clone_impl<boost::exception_detail::error_info_injector<std::out_of_range> >::_ZThn16_N5boost16exception_detail10clone_implINS0_19error_info_injectorISt12out_of_rangeEEED1Ev()	8	static
exception.hpp:484:13:virtual void boost::exception_detail::clone_impl<boost::exception_detail::error_info_injector<std::range_error> >::_ZThn16_N5boost16exception_detail10clone_implINS0_19error_info_injectorISt11range_errorEEED1Ev()	8	static
exception.hpp:484:13:virtual void boost::exception_detail::clone_impl<boost::exception_detail::error_info_injector<std::out_of_range> >::_ZTv0_n40_N5boost16exception_detail10clone_implINS0_19error_info_injectorISt12out_of_rangeEEED1Ev()	8	static
exception.hpp:484:13:virtual void boost::exception_detail::clone_impl<boost::exception_detail::error_info_injector<std::overflow_error> >::_ZThn16_N5boost16exception_detail10clone_implINS0_19error_info_injectorISt14overflow_errorEEED1Ev()	8	static
system_error.hpp:47:15:virtual boost::system::system_error::~system_error()	16	static
exception.hpp:484:13:virtual void boost::exception_detail::clone_impl<boost::exception_detail::error_info_injector<std::runtime_error> >::_ZThn16_N5boost16exception_detail10clone_implINS0_19error_info_injectorISt13runtime_errorEEED0Ev()	16	static
exception.hpp:484:13:virtual void boost::exception_detail::clone_impl<boost::exception_detail::error_info_injector<std::runtime_error> >::_ZTv0_n40_N5boost16exception_detail10clone_implINS0_19error_info_injectorISt13runtime_errorEEED0Ev()	16	static
exception.hpp:484:13:virtual void boost::exception_detail::clone_impl<boost::exception_detail::error_info_injector<std::overflow_error> >::_ZThn16_N5boost16exception_detail10clone_implINS0_19error_info_injectorISt14overflow_errorEEED0Ev()	16	static
exception.hpp:484:13:virtual void boost::exception_detail::clone_impl<boost::exception_detail::error_info_injector<boost::bad_lexical_cast> >::_ZThn24_N5boost16exception_detail10clone_implINS0_19error_info_injectorINS_16bad_lexical_castEEEED0Ev()	16	static
exception.hpp:484:13:virtual void boost::exception_detail::clone_impl<boost::exception_detail::error_info_injector<std::out_of_range> >::_ZThn16_N5boost16exception_detail10clone_implINS0_19error_info_injectorISt12out_of_rangeEEED0Ev()	16	static
exception.hpp:484:13:virtual void boost::exception_detail::clone_impl<boost::exception_detail::error_info_injector<boost::bad_lexical_cast> >::_ZTv0_n40_N5boost16exception_detail10clone_implINS0_19error_info_injectorINS_16bad_lexical_castEEEED0Ev()	16	static
exception.hpp:484:13:virtual void boost::exception_detail::clone_impl<boost::exception_detail::error_info_injector<std::overflow_error> >::_ZTv0_n40_N5boost16exception_detail10clone_implINS0_19error_info_injectorISt14overflow_errorEEED0Ev()	16	static
exception.hpp:484:13:virtual void boost::exception_detail::clone_impl<boost::exception_detail::error_info_injector<std::out_of_range> >::_ZTv0_n40_N5boost16exception_detail10clone_implINS0_19error_info_injectorISt12out_of_rangeEEED0Ev()	16	static
exception.hpp:484:13:virtual void boost::exception_detail::clone_impl<boost::exception_detail::error_info_injector<std::range_error> >::_ZThn16_N5boost16exception_detail10clone_implINS0_19error_info_injectorISt11range_errorEEED0Ev()	16	static
exception.hpp:484:13:virtual void boost::exception_detail::clone_impl<boost::exception_detail::error_info_injector<std::range_error> >::_ZTv0_n40_N5boost16exception_detail10clone_implINS0_19error_info_injectorISt11range_errorEEED0Ev()	16	static
sp_counted_impl.hpp:87:18:void boost::detail::sp_counted_impl_p<X>::dispose() [with X = boost::error_info<dev::tag_required, boost::multiprecision::number<boost::multiprecision::backends::cpp_int_backend<> > >]	16	static
sp_counted_impl.hpp:87:18:void boost::detail::sp_counted_impl_p<X>::dispose() [with X = boost::error_info<dev::tag_got, boost::multiprecision::number<boost::multiprecision::backends::cpp_int_backend<> > >]	16	static
exception.hpp:484:13:virtual void boost::exception_detail::clone_impl<boost::exception_detail::bad_alloc_>::_ZThn40_N5boost16exception_detail10clone_implINS0_10bad_alloc_EED0Ev()	16	static
exception.hpp:484:13:virtual void boost::exception_detail::clone_impl<boost::exception_detail::bad_alloc_>::_ZTv0_n40_N5boost16exception_detail10clone_implINS0_10bad_alloc_EED0Ev()	16	static
exception.hpp:484:13:virtual void boost::exception_detail::clone_impl<boost::exception_detail::bad_exception_>::_ZTv0_n40_N5boost16exception_detail10clone_implINS0_14bad_exception_EED0Ev()	16	static
exception.hpp:484:13:virtual void boost::exception_detail::clone_impl<boost::exception_detail::bad_exception_>::_ZThn40_N5boost16exception_detail10clone_implINS0_14bad_exception_EED0Ev()	16	static
sp_counted_impl.hpp:87:18:void boost::detail::sp_counted_impl_p<X>::dispose() [with X = boost::exception_detail::clone_impl<boost::exception_detail::bad_alloc_>]	16	static
sp_counted_impl.hpp:87:18:void boost::detail::sp_counted_impl_p<X>::dispose() [with X = boost::exception_detail::clone_impl<boost::exception_detail::bad_exception_>]	16	static
info.hpp:93:13:virtual const char* boost::exception_detail::error_info_container_impl::diagnostic_information(const char*) const	480	static
exception.hpp:497:13:virtual void boost::exception_detail::clone_impl<dev::eth::StackUnderflow>::_ZTv0_n32_NK5boost16exception_detail10clone_implIN3dev3eth14StackUnderflowEE7rethrowEv() const	32	static
exception.hpp:497:13:virtual void boost::exception_detail::clone_impl<dev::eth::DisallowedStateChange>::_ZTv0_n32_NK5boost16exception_detail10clone_implIN3dev3eth21DisallowedStateChangeEE7rethrowEv() const	32	static
exception.hpp:497:13:virtual void boost::exception_detail::clone_impl<dev::eth::BadJumpDestination>::_ZTv0_n32_NK5boost16exception_detail10clone_implIN3dev3eth18BadJumpDestinationEE7rethrowEv() const	32	static
exception.hpp:497:13:virtual void boost::exception_detail::clone_impl<dev::eth::OutOfGas>::_ZTv0_n32_NK5boost16exception_detail10clone_implIN3dev3eth8OutOfGasEE7rethrowEv() const	32	static
exception.hpp:497:13:virtual void boost::exception_detail::clone_impl<dev::eth::BadInstruction>::_ZTv0_n32_NK5boost16exception_detail10clone_implIN3dev3eth14BadInstructionEE7rethrowEv() const	32	static
exception.hpp:497:13:virtual void boost::exception_detail::clone_impl<dev::eth::BufferOverrun>::_ZTv0_n32_NK5boost16exception_detail10clone_implIN3dev3eth13BufferOverrunEE7rethrowEv() const	32	static
exception.hpp:497:13:virtual void boost::exception_detail::clone_impl<dev::eth::OutOfStack>::_ZTv0_n32_NK5boost16exception_detail10clone_implIN3dev3eth10OutOfStackEE7rethrowEv() const	32	static
system_error.hpp:59:25:virtual const char* boost::system::system_error::what() const	96	static
exception.hpp:497:13:void boost::exception_detail::clone_impl<T>::rethrow() const [with T = dev::eth::BadJumpDestination]	32	static
exception.hpp:497:13:void boost::exception_detail::clone_impl<T>::rethrow() const [with T = dev::eth::BufferOverrun]	32	static
exception.hpp:497:13:void boost::exception_detail::clone_impl<T>::rethrow() const [with T = dev::eth::OutOfStack]	32	static
exception.hpp:497:13:void boost::exception_detail::clone_impl<T>::rethrow() const [with T = dev::eth::OutOfGas]	32	static
exception.hpp:497:13:void boost::exception_detail::clone_impl<T>::rethrow() const [with T = dev::eth::StackUnderflow]	32	static
exception.hpp:497:13:void boost::exception_detail::clone_impl<T>::rethrow() const [with T = dev::eth::DisallowedStateChange]	32	static
exception.hpp:497:13:void boost::exception_detail::clone_impl<T>::rethrow() const [with T = dev::eth::BadInstruction]	32	static
exception.hpp:484:13:virtual void boost::exception_detail::clone_impl<dev::eth::OutOfStack>::_ZTv0_n24_N5boost16exception_detail10clone_implIN3dev3eth10OutOfStackEED0Ev()	16	static
exception.hpp:484:13:virtual void boost::exception_detail::clone_impl<dev::eth::DisallowedStateChange>::_ZTv0_n24_N5boost16exception_detail10clone_implIN3dev3eth21DisallowedStateChangeEED0Ev()	16	static
exception.hpp:484:13:virtual void boost::exception_detail::clone_impl<dev::eth::BufferOverrun>::_ZTv0_n24_N5boost16exception_detail10clone_implIN3dev3eth13BufferOverrunEED0Ev()	16	static
exception.hpp:484:13:virtual void boost::exception_detail::clone_impl<dev::eth::DisallowedStateChange>::_ZTv0_n40_N5boost16exception_detail10clone_implIN3dev3eth21DisallowedStateChangeEED0Ev()	16	static
exception.hpp:484:13:virtual void boost::exception_detail::clone_impl<dev::eth::BadJumpDestination>::_ZTv0_n40_N5boost16exception_detail10clone_implIN3dev3eth18BadJumpDestinationEED0Ev()	16	static
exception.hpp:484:13:virtual void boost::exception_detail::clone_impl<dev::eth::BadJumpDestination>::_ZTv0_n24_N5boost16exception_detail10clone_implIN3dev3eth18BadJumpDestinationEED0Ev()	16	static
exception.hpp:484:13:virtual void boost::exception_detail::clone_impl<dev::eth::StackUnderflow>::_ZTv0_n24_N5boost16exception_detail10clone_implIN3dev3eth14StackUnderflowEED0Ev()	16	static
exception.hpp:484:13:virtual void boost::exception_detail::clone_impl<dev::eth::OutOfGas>::_ZTv0_n24_N5boost16exception_detail10clone_implIN3dev3eth8OutOfGasEED0Ev()	16	static
exception.hpp:484:13:virtual void boost::exception_detail::clone_impl<dev::eth::BadInstruction>::_ZTv0_n40_N5boost16exception_detail10clone_implIN3dev3eth14BadInstructionEED0Ev()	16	static
exception.hpp:484:13:virtual void boost::exception_detail::clone_impl<dev::eth::BadInstruction>::_ZTv0_n24_N5boost16exception_detail10clone_implIN3dev3eth14BadInstructionEED0Ev()	16	static
exception.hpp:484:13:virtual void boost::exception_detail::clone_impl<dev::eth::BufferOverrun>::_ZTv0_n40_N5boost16exception_detail10clone_implIN3dev3eth13BufferOverrunEED0Ev()	16	static
exception.hpp:484:13:virtual void boost::exception_detail::clone_impl<dev::eth::OutOfGas>::_ZTv0_n40_N5boost16exception_detail10clone_implIN3dev3eth8OutOfGasEED0Ev()	16	static
exception.hpp:484:13:virtual void boost::exception_detail::clone_impl<dev::eth::OutOfStack>::_ZTv0_n40_N5boost16exception_detail10clone_implIN3dev3eth10OutOfStackEED0Ev()	16	static
exception.hpp:484:13:virtual void boost::exception_detail::clone_impl<dev::eth::StackUnderflow>::_ZTv0_n40_N5boost16exception_detail10clone_implIN3dev3eth14StackUnderflowEED0Ev()	16	static
error_code.hpp:647:17:virtual bool boost::system::error_category::std_category::equivalent(int, const std::error_condition&) const	80	static
exception.hpp:484:13:boost::exception_detail::clone_impl<T>::~clone_impl() [with T = dev::eth::BufferOverrun]	16	static
exception.hpp:440:9:void boost::exception_detail::copy_boost_exception(boost::exception*, const boost::exception*)	48	static
exception.hpp:491:13:const boost::exception_detail::clone_base* boost::exception_detail::clone_impl<T>::clone() const [with T = boost::exception_detail::error_info_injector<boost::bad_lexical_cast>]	32	static
exception.hpp:491:13:const boost::exception_detail::clone_base* boost::exception_detail::clone_impl<T>::clone() const [with T = boost::exception_detail::bad_exception_]	32	static
exception.hpp:491:13:const boost::exception_detail::clone_base* boost::exception_detail::clone_impl<T>::clone() const [with T = boost::exception_detail::bad_alloc_]	32	static
exception.hpp:491:13:virtual const boost::exception_detail::clone_base* boost::exception_detail::clone_impl<boost::exception_detail::error_info_injector<boost::bad_lexical_cast> >::_ZTv0_n24_NK5boost16exception_detail10clone_implINS0_19error_info_injectorINS_16bad_lexical_castEEEE5cloneEv() const	32	static
exception.hpp:491:13:virtual const boost::exception_detail::clone_base* boost::exception_detail::clone_impl<boost::exception_detail::bad_alloc_>::_ZTv0_n24_NK5boost16exception_detail10clone_implINS0_10bad_alloc_EE5cloneEv() const	32	static
exception.hpp:491:13:virtual const boost::exception_detail::clone_base* boost::exception_detail::clone_impl<boost::exception_detail::bad_exception_>::_ZTv0_n24_NK5boost16exception_detail10clone_implINS0_14bad_exception_EE5cloneEv() const	32	static
demangle.hpp:93:20:std::__cxx11::string boost::core::demangle(const char*)	64	static
type_info.hpp:65:13:bool boost::exception_detail::operator<(const boost::exception_detail::type_info_&, const boost::exception_detail::type_info_&)	16	static
info.hpp:78:13:virtual boost::shared_ptr<boost::exception_detail::error_info_base> boost::exception_detail::error_info_container_impl::get(const boost::exception_detail::type_info_&) const	48	static
sp_counted_base_std_atomic.hpp:106:10:void boost::detail::sp_counted_base::release()	16	static
exception_ptr.hpp:42:5:boost::exception_ptr::~exception_ptr()	8	static
diagnostic_information.hpp:90:9:const char* boost::exception_detail::get_diagnostic_information(const boost::exception&, const char*)	32	static
diagnostic_information.hpp:113:9:std::__cxx11::string boost::exception_detail::diagnostic_information_impl(const boost::exception*, const std::exception*, bool, bool)	544	static
Exceptions.h:40:17:virtual const char* dev::Exception::what() const	80	static
Exceptions.h:40:17:virtual const char* dev::Exception::_ZTv0_n32_NK3dev9Exception4whatEv() const	80	static
EVMSchedule.h:28:8:dev::eth::EVMSchedule::EVMSchedule(const dev::eth::EVMSchedule&)	8	static
VMFace.h:30:1:virtual const char* dev::eth::BadInstruction::_ZTv0_n32_NK3dev3eth14BadInstruction4whatEv() const	8	static
VMFace.h:31:1:virtual const char* dev::eth::BadJumpDestination::_ZTv0_n32_NK3dev3eth18BadJumpDestination4whatEv() const	8	static
VMFace.h:32:1:virtual const char* dev::eth::OutOfGas::_ZTv0_n32_NK3dev3eth8OutOfGas4whatEv() const	8	static
VMFace.h:33:1:virtual const char* dev::eth::OutOfStack::_ZTv0_n32_NK3dev3eth10OutOfStack4whatEv() const	8	static
VMFace.h:34:1:virtual const char* dev::eth::StackUnderflow::_ZTv0_n32_NK3dev3eth14StackUnderflow4whatEv() const	8	static
VMFace.h:35:1:virtual const char* dev::eth::DisallowedStateChange::_ZTv0_n32_NK3dev3eth21DisallowedStateChange4whatEv() const	8	static
VMFace.h:36:1:virtual const char* dev::eth::BufferOverrun::_ZTv0_n32_NK3dev3eth13BufferOverrun4whatEv() const	8	static
VMFace.h:53:14:virtual const char* dev::eth::RevertInstruction::_ZTv0_n32_NK3dev3eth17RevertInstruction4whatEv() const	8	static
tuple_basic.hpp:261:8:boost::tuples::cons<boost::error_info<dev::tag_required, boost::multiprecision::number<boost::multiprecision::backends::cpp_int_backend<> > >, boost::tuples::cons<boost::error_info<dev::tag_got, boost::multiprecision::number<boost::multiprecision::backends::cpp_int_backend<> > >, boost::tuples::null_type> >::~cons()	16	static
VMCalls.cpp:74:6:void dev::eth::VM::throwRevertInstruction(dev::eth::owning_bytes_ref&&)	16	static
basic_string.h:5953:5:std::__cxx11::basic_string<_CharT, _Traits, _Alloc> std::operator+(std::__cxx11::basic_string<_CharT, _Traits, _Alloc>&&, std::__cxx11::basic_string<_CharT, _Traits, _Alloc>&&) [with _CharT = char; _Traits = std::char_traits<char>; _Alloc = std::allocator<char>]	16	static
cpp_int.hpp:298:4:boost::multiprecision::backends::cpp_int_base<MinBits, MaxBits, (boost::multiprecision::cpp_integer_type)1, Checked, Allocator, false>::cpp_int_base(boost::multiprecision::backends::cpp_int_base<MinBits, MaxBits, (boost::multiprecision::cpp_integer_type)1, Checked, Allocator, false>&&) [with unsigned int MinBits = 0; unsigned int MaxBits = 4294967295; boost::multiprecision::cpp_int_check_type Checked = (boost::multiprecision::cpp_int_check_type)0; Allocator = std::allocator<long long unsigned int>]	8	static
exception.hpp:348:9:boost::exception_detail::error_info_injector<std::runtime_error>::error_info_injector(const boost::exception_detail::error_info_injector<std::runtime_error>&)	32	static
exception.hpp:497:13:void boost::exception_detail::clone_impl<T>::rethrow() const [with T = boost::exception_detail::error_info_injector<std::runtime_error>]	32	static
exception.hpp:491:13:const boost::exception_detail::clone_base* boost::exception_detail::clone_impl<T>::clone() const [with T = boost::exception_detail::error_info_injector<std::runtime_error>]	32	static
exception.hpp:491:13:virtual const boost::exception_detail::clone_base* boost::exception_detail::clone_impl<boost::exception_detail::error_info_injector<std::runtime_error> >::_ZTv0_n24_NK5boost16exception_detail10clone_implINS0_19error_info_injectorISt13runtime_errorEEE5cloneEv() const	32	static
exception.hpp:497:13:virtual void boost::exception_detail::clone_impl<boost::exception_detail::error_info_injector<std::runtime_error> >::_ZTv0_n32_NK5boost16exception_detail10clone_implINS0_19error_info_injectorISt13runtime_errorEEE7rethrowEv() const	32	static
exception.hpp:348:9:boost::exception_detail::error_info_injector<std::out_of_range>::error_info_injector(const boost::exception_detail::error_info_injector<std::out_of_range>&)	32	static
exception.hpp:497:13:void boost::exception_detail::clone_impl<T>::rethrow() const [with T = boost::exception_detail::error_info_injector<std::out_of_range>]	32	static
exception.hpp:491:13:const boost::exception_detail::clone_base* boost::exception_detail::clone_impl<T>::clone() const [with T = boost::exception_detail::error_info_injector<std::out_of_range>]	32	static
exception.hpp:491:13:virtual const boost::exception_detail::clone_base* boost::exception_detail::clone_impl<boost::exception_detail::error_info_injector<std::out_of_range> >::_ZTv0_n24_NK5boost16exception_detail10clone_implINS0_19error_info_injectorISt12out_of_rangeEEE5cloneEv() const	32	static
exception.hpp:497:13:virtual void boost::exception_detail::clone_impl<boost::exception_detail::error_info_injector<std::out_of_range> >::_ZTv0_n32_NK5boost16exception_detail10clone_implINS0_19error_info_injectorISt12out_of_rangeEEE7rethrowEv() const	32	static
exception_ptr.hpp:121:9:boost::exception_ptr boost::exception_detail::get_static_exception_object() [with Exception = boost::exception_detail::bad_alloc_]	192	static
exception_ptr.hpp:121:9:boost::exception_ptr boost::exception_detail::get_static_exception_object() [with Exception = boost::exception_detail::bad_exception_]	192	static
exception.hpp:348:9:boost::exception_detail::error_info_injector<std::overflow_error>::error_info_injector(const boost::exception_detail::error_info_injector<std::overflow_error>&)	32	static
exception.hpp:497:13:void boost::exception_detail::clone_impl<T>::rethrow() const [with T = boost::exception_detail::error_info_injector<std::overflow_error>]	32	static
exception.hpp:491:13:const boost::exception_detail::clone_base* boost::exception_detail::clone_impl<T>::clone() const [with T = boost::exception_detail::error_info_injector<std::overflow_error>]	32	static
exception.hpp:491:13:virtual const boost::exception_detail::clone_base* boost::exception_detail::clone_impl<boost::exception_detail::error_info_injector<std::overflow_error> >::_ZTv0_n24_NK5boost16exception_detail10clone_implINS0_19error_info_injectorISt14overflow_errorEEE5cloneEv() const	32	static
exception.hpp:497:13:virtual void boost::exception_detail::clone_impl<boost::exception_detail::error_info_injector<std::overflow_error> >::_ZTv0_n32_NK5boost16exception_detail10clone_implINS0_19error_info_injectorISt14overflow_errorEEE7rethrowEv() const	32	static
throw_exception.hpp:62:46:void boost::throw_exception(const E&) [with E = boost::exception_detail::error_info_injector<std::overflow_error>]	96	static
exception.hpp:348:9:boost::exception_detail::error_info_injector<std::range_error>::error_info_injector(const boost::exception_detail::error_info_injector<std::range_error>&)	32	static
exception.hpp:497:13:void boost::exception_detail::clone_impl<T>::rethrow() const [with T = boost::exception_detail::error_info_injector<std::range_error>]	32	static
exception.hpp:491:13:const boost::exception_detail::clone_base* boost::exception_detail::clone_impl<T>::clone() const [with T = boost::exception_detail::error_info_injector<std::range_error>]	32	static
exception.hpp:491:13:virtual const boost::exception_detail::clone_base* boost::exception_detail::clone_impl<boost::exception_detail::error_info_injector<std::range_error> >::_ZTv0_n24_NK5boost16exception_detail10clone_implINS0_19error_info_injectorISt11range_errorEEE5cloneEv() const	32	static
exception.hpp:497:13:virtual void boost::exception_detail::clone_impl<boost::exception_detail::error_info_injector<std::range_error> >::_ZTv0_n32_NK5boost16exception_detail10clone_implINS0_19error_info_injectorISt11range_errorEEE7rethrowEv() const	32	static
throw_exception.hpp:62:46:void boost::throw_exception(const E&) [with E = boost::exception_detail::error_info_injector<std::range_error>]	96	static
VMCalls.cpp:24:6:void dev::eth::VM::copyDataToMemory(dev::bytesConstRef, dev::u256*)	272	static
cpp_int.hpp:659:9:void boost::multiprecision::backends::cpp_int_base<MinBits, MinBits, (boost::multiprecision::cpp_integer_type)0, Checked, void, false>::negate() [with unsigned int MinBits = 256; boost::multiprecision::cpp_int_check_type Checked = (boost::multiprecision::cpp_int_check_type)0]	16	static
stl_tree.h:1850:5:void std::_Rb_tree<_Key, _Val, _KeyOfValue, _Compare, _Alloc>::_M_erase(std::_Rb_tree<_Key, _Val, _KeyOfValue, _Compare, _Alloc>::_Link_type) [with _Key = boost::exception_detail::type_info_; _Val = std::pair<const boost::exception_detail::type_info_, boost::shared_ptr<boost::exception_detail::error_info_base> >; _KeyOfValue = std::_Select1st<std::pair<const boost::exception_detail::type_info_, boost::shared_ptr<boost::exception_detail::error_info_base> > >; _Compare = std::less<boost::exception_detail::type_info_>; _Alloc = std::allocator<std::pair<const boost::exception_detail::type_info_, boost::shared_ptr<boost::exception_detail::error_info_base> > >]	32	static
info.hpp:128:13:virtual bool boost::exception_detail::error_info_container_impl::release() const	16	static
CommonData.h:124:13:void dev::toBigEndian(T, Out&) [with T = boost::multiprecision::number<boost::multiprecision::backends::cpp_int_backend<256, 256, (boost::multiprecision::cpp_integer_type)0, (boost::multiprecision::cpp_int_check_type)0, void> >; Out = std::array<unsigned char, 32>]	144	static
VMFace.h:32:1:dev::eth::OutOfGas::OutOfGas(const dev::eth::OutOfGas&)	32	static
VMFace.h:32:1:dev::eth::OutOfGas::~OutOfGas()	8	static
exception.hpp:484:13:boost::exception_detail::clone_impl<T>::~clone_impl() [with T = dev::eth::OutOfGas]	16	static
exception.hpp:484:13:boost::exception_detail::clone_impl<T>::~clone_impl() [with T = dev::eth::OutOfGas]	16	static
exception.hpp:491:13:const boost::exception_detail::clone_base* boost::exception_detail::clone_impl<T>::clone() const [with T = dev::eth::OutOfGas]	32	static
exception.hpp:491:13:virtual const boost::exception_detail::clone_base* boost::exception_detail::clone_impl<dev::eth::OutOfGas>::_ZTv0_n24_NK5boost16exception_detail10clone_implIN3dev3eth8OutOfGasEE5cloneEv() const	32	static
throw_exception.hpp:62:46:void boost::throw_exception(const E&) [with E = dev::eth::OutOfGas]	96	static
VMCalls.cpp:42:6:void dev::eth::VM::throwOutOfGas()	144	static
VMFace.h:30:1:dev::eth::BadInstruction::BadInstruction(const dev::eth::BadInstruction&)	32	static
VMFace.h:30:1:dev::eth::BadInstruction::~BadInstruction()	8	static
exception.hpp:484:13:boost::exception_detail::clone_impl<T>::~clone_impl() [with T = dev::eth::BadInstruction]	16	static
exception.hpp:484:13:boost::exception_detail::clone_impl<T>::~clone_impl() [with T = dev::eth::BadInstruction]	16	static
exception.hpp:491:13:const boost::exception_detail::clone_base* boost::exception_detail::clone_impl<T>::clone() const [with T = dev::eth::BadInstruction]	32	static
exception.hpp:491:13:virtual const boost::exception_detail::clone_base* boost::exception_detail::clone_impl<dev::eth::BadInstruction>::_ZTv0_n24_NK5boost16exception_detail10clone_implIN3dev3eth14BadInstructionEE5cloneEv() const	32	static
throw_exception.hpp:62:46:void boost::throw_exception(const E&) [with E = dev::eth::BadInstruction]	96	static
VMCalls.cpp:47:6:void dev::eth::VM::throwBadInstruction()	144	static
VMFace.h:31:1:dev::eth::BadJumpDestination::BadJumpDestination(const dev::eth::BadJumpDestination&)	32	static
VMFace.h:31:1:dev::eth::BadJumpDestination::~BadJumpDestination()	8	static
exception.hpp:484:13:boost::exception_detail::clone_impl<T>::~clone_impl() [with T = dev::eth::BadJumpDestination]	16	static
exception.hpp:484:13:boost::exception_detail::clone_impl<T>::~clone_impl() [with T = dev::eth::BadJumpDestination]	16	static
exception.hpp:491:13:const boost::exception_detail::clone_base* boost::exception_detail::clone_impl<T>::clone() const [with T = dev::eth::BadJumpDestination]	32	static
exception.hpp:491:13:virtual const boost::exception_detail::clone_base* boost::exception_detail::clone_impl<dev::eth::BadJumpDestination>::_ZTv0_n24_NK5boost16exception_detail10clone_implIN3dev3eth18BadJumpDestinationEE5cloneEv() const	32	static
throw_exception.hpp:62:46:void boost::throw_exception(const E&) [with E = dev::eth::BadJumpDestination]	96	static
VMCalls.cpp:52:6:void dev::eth::VM::throwBadJumpDestination()	144	static
VMCalls.cpp:86:9:int64_t dev::eth::VM::verifyJumpDest(const u256&, bool)	16	static
VMFace.h:35:1:dev::eth::DisallowedStateChange::DisallowedStateChange(const dev::eth::DisallowedStateChange&)	32	static
VMFace.h:35:1:dev::eth::DisallowedStateChange::~DisallowedStateChange()	8	static
exception.hpp:484:13:boost::exception_detail::clone_impl<T>::~clone_impl() [with T = dev::eth::DisallowedStateChange]	16	static
exception.hpp:484:13:boost::exception_detail::clone_impl<T>::~clone_impl() [with T = dev::eth::DisallowedStateChange]	16	static
exception.hpp:491:13:const boost::exception_detail::clone_base* boost::exception_detail::clone_impl<T>::clone() const [with T = dev::eth::DisallowedStateChange]	32	static
exception.hpp:491:13:virtual const boost::exception_detail::clone_base* boost::exception_detail::clone_impl<dev::eth::DisallowedStateChange>::_ZTv0_n24_NK5boost16exception_detail10clone_implIN3dev3eth21DisallowedStateChangeEE5cloneEv() const	32	static
throw_exception.hpp:62:46:void boost::throw_exception(const E&) [with E = dev::eth::DisallowedStateChange]	96	static
VMCalls.cpp:57:6:void dev::eth::VM::throwDisallowedStateChange()	144	static
VMFace.h:34:1:dev::eth::StackUnderflow::StackUnderflow(const dev::eth::StackUnderflow&)	32	static
VMFace.h:34:1:dev::eth::StackUnderflow::~StackUnderflow()	8	static
exception.hpp:484:13:boost::exception_detail::clone_impl<T>::~clone_impl() [with T = dev::eth::StackUnderflow]	16	static
exception.hpp:484:13:boost::exception_detail::clone_impl<T>::~clone_impl() [with T = dev::eth::StackUnderflow]	16	static
exception.hpp:491:13:const boost::exception_detail::clone_base* boost::exception_detail::clone_impl<T>::clone() const [with T = dev::eth::StackUnderflow]	32	static
exception.hpp:491:13:virtual const boost::exception_detail::clone_base* boost::exception_detail::clone_impl<dev::eth::StackUnderflow>::_ZTv0_n24_NK5boost16exception_detail10clone_implIN3dev3eth14StackUnderflowEE5cloneEv() const	32	static
throw_exception.hpp:62:46:void boost::throw_exception(const E&) [with E = dev::eth::StackUnderflow]	96	static
VMFace.h:33:1:dev::eth::OutOfStack::OutOfStack(const dev::eth::OutOfStack&)	32	static
VMFace.h:33:1:dev::eth::OutOfStack::~OutOfStack()	8	static
exception.hpp:484:13:boost::exception_detail::clone_impl<T>::~clone_impl() [with T = dev::eth::OutOfStack]	16	static
exception.hpp:491:13:const boost::exception_detail::clone_base* boost::exception_detail::clone_impl<T>::clone() const [with T = dev::eth::OutOfStack]	32	static
exception.hpp:491:13:virtual const boost::exception_detail::clone_base* boost::exception_detail::clone_impl<dev::eth::OutOfStack>::_ZTv0_n24_NK5boost16exception_detail10clone_implIN3dev3eth10OutOfStackEE5cloneEv() const	32	static
exception.hpp:484:13:boost::exception_detail::clone_impl<T>::~clone_impl() [with T = dev::eth::OutOfStack]	16	static
throw_exception.hpp:62:46:void boost::throw_exception(const E&) [with E = dev::eth::OutOfStack]	96	static
VMFace.h:36:1:dev::eth::BufferOverrun::BufferOverrun(const dev::eth::BufferOverrun&)	32	static
VMFace.h:36:1:dev::eth::BufferOverrun::~BufferOverrun()	8	static
exception.hpp:484:13:boost::exception_detail::clone_impl<T>::~clone_impl() [with T = dev::eth::BufferOverrun]	16	static
exception.hpp:491:13:const boost::exception_detail::clone_base* boost::exception_detail::clone_impl<T>::clone() const [with T = dev::eth::BufferOverrun]	32	static
exception.hpp:491:13:virtual const boost::exception_detail::clone_base* boost::exception_detail::clone_impl<dev::eth::BufferOverrun>::_ZTv0_n24_NK5boost16exception_detail10clone_implIN3dev3eth13BufferOverrunEE5cloneEv() const	32	static
throw_exception.hpp:62:46:void boost::throw_exception(const E&) [with E = dev::eth::BufferOverrun]	96	static
number_compare.hpp:49:13:bool boost::multiprecision::default_ops::eval_lt(const B&, const B&) [with B = boost::multiprecision::backends::cpp_int_backend<256, 256, (boost::multiprecision::cpp_integer_type)0, (boost::multiprecision::cpp_int_check_type)0, void>]	8	static
stl_tree.h:2028:5:std::pair<std::_Rb_tree_node_base*, std::_Rb_tree_node_base*> std::_Rb_tree<_Key, _Val, _KeyOfValue, _Compare, _Alloc>::_M_get_insert_unique_pos(const key_type&) [with _Key = boost::exception_detail::type_info_; _Val = std::pair<const boost::exception_detail::type_info_, boost::shared_ptr<boost::exception_detail::error_info_base> >; _KeyOfValue = std::_Select1st<std::pair<const boost::exception_detail::type_info_, boost::shared_ptr<boost::exception_detail::error_info_base> > >; _Compare = std::less<boost::exception_detail::type_info_>; _Alloc = std::allocator<std::pair<const boost::exception_detail::type_info_, boost::shared_ptr<boost::exception_detail::error_info_base> > >]	48	static
stl_tree.h:2130:5:std::pair<std::_Rb_tree_node_base*, std::_Rb_tree_node_base*> std::_Rb_tree<_Key, _Val, _KeyOfValue, _Compare, _Alloc>::_M_get_insert_hint_unique_pos(std::_Rb_tree<_Key, _Val, _KeyOfValue, _Compare, _Alloc>::const_iterator, const key_type&) [with _Key = boost::exception_detail::type_info_; _Val = std::pair<const boost::exception_detail::type_info_, boost::shared_ptr<boost::exception_detail::error_info_base> >; _KeyOfValue = std::_Select1st<std::pair<const boost::exception_detail::type_info_, boost::shared_ptr<boost::exception_detail::error_info_base> > >; _Compare = std::less<boost::exception_detail::type_info_>; _Alloc = std::allocator<std::pair<const boost::exception_detail::type_info_, boost::shared_ptr<boost::exception_detail::error_info_base> > >]	48	static
info.hpp:70:13:virtual void boost::exception_detail::error_info_container_impl::set(const boost::shared_ptr<boost::exception_detail::error_info_base>&, const boost::exception_detail::type_info_&)	80	static
info.hpp:140:13:virtual boost::exception_detail::refcount_ptr<boost::exception_detail::error_info_container> boost::exception_detail::error_info_container_impl::clone() const	144	static
multiply.hpp:20:4:typename boost::enable_if_c<((! boost::multiprecision::backends::is_trivial_cpp_int<boost::multiprecision::backends::cpp_int_backend<MinBits, MaxBits, SignType, Checked, Allocator> >::value) && (! boost::multiprecision::backends::is_trivial_cpp_int<boost::multiprecision::backends::cpp_int_backend<MinBits2, MaxBits2, SignType2, Checked2, Allocator2> >::value))>::type boost::multiprecision::backends::eval_multiply(boost::multiprecision::backends::cpp_int_backend<MinBits, MaxBits, SignType, Checked, Allocator>&, const boost::multiprecision::backends::cpp_int_backend<MinBits2, MaxBits2, SignType2, Checked2, Allocator2>&, const limb_type&) [with unsigned int MinBits1 = 256; unsigned int MaxBits1 = 256; boost::multiprecision::cpp_integer_type SignType1 = (boost::multiprecision::cpp_integer_type)0; boost::multiprecision::cpp_int_check_type Checked1 = (boost::multiprecision::cpp_int_check_type)0; Allocator1 = void; unsigned int MinBits2 = 256; unsigned int MaxBits2 = 256; boost::multiprecision::cpp_integer_type SignType2 = (boost::multiprecision::cpp_integer_type)0; boost::multiprecision::cpp_int_check_type Checked2 = (boost::multiprecision::cpp_int_check_type)0; Allocator2 = void]	8	static
multiply.hpp:227:4:typename boost::enable_if_c<((! boost::multiprecision::backends::is_trivial_cpp_int<boost::multiprecision::backends::cpp_int_backend<MinBits, MaxBits, SignType, Checked, Allocator> >::value) && (! boost::multiprecision::backends::is_trivial_cpp_int<boost::multiprecision::backends::cpp_int_backend<MinBits2, MaxBits2, SignType2, Checked2, Allocator2> >::value))>::type boost::multiprecision::backends::eval_multiply(boost::multiprecision::backends::cpp_int_backend<MinBits, MaxBits, SignType, Checked, Allocator>&, const boost::multiprecision::backends::cpp_int_backend<MinBits2, MaxBits2, SignType2, Checked2, Allocator2>&, const signed_limb_type&) [with unsigned int MinBits1 = 256; unsigned int MaxBits1 = 256; boost::multiprecision::cpp_integer_type SignType1 = (boost::multiprecision::cpp_integer_type)0; boost::multiprecision::cpp_int_check_type Checked1 = (boost::multiprecision::cpp_int_check_type)0; Allocator1 = void; unsigned int MinBits2 = 256; unsigned int MaxBits2 = 256; boost::multiprecision::cpp_integer_type SignType2 = (boost::multiprecision::cpp_integer_type)0; boost::multiprecision::cpp_int_check_type Checked2 = (boost::multiprecision::cpp_int_check_type)0; Allocator2 = void]	32	static
cpp_int.hpp:257:9:void boost::multiprecision::backends::cpp_int_base<MinBits, MaxBits, (boost::multiprecision::cpp_integer_type)1, Checked, Allocator, false>::resize(unsigned int, unsigned int) [with unsigned int MinBits = 0; unsigned int MaxBits = 4294967295; boost::multiprecision::cpp_int_check_type Checked = (boost::multiprecision::cpp_int_check_type)0; Allocator = std::allocator<long long unsigned int>]	48	static
cpp_int.hpp:291:25:boost::multiprecision::backends::cpp_int_base<MinBits, MaxBits, (boost::multiprecision::cpp_integer_type)1, Checked, Allocator, false>::cpp_int_base(const boost::multiprecision::backends::cpp_int_base<MinBits, MaxBits, (boost::multiprecision::cpp_integer_type)1, Checked, Allocator, false>&) [with unsigned int MinBits = 0; unsigned int MaxBits = 4294967295; boost::multiprecision::cpp_int_check_type Checked = (boost::multiprecision::cpp_int_check_type)0; Allocator = std::allocator<long long unsigned int>]	32	static
error_info_impl.hpp:50:9:boost::exception_detail::error_info_base* boost::error_info<Tag, T>::clone() const [with Tag = dev::tag_got; T = boost::multiprecision::number<boost::multiprecision::backends::cpp_int_backend<> >]	32	static
error_info_impl.hpp:50:9:boost::exception_detail::error_info_base* boost::error_info<Tag, T>::clone() const [with Tag = dev::tag_required; T = boost::multiprecision::number<boost::multiprecision::backends::cpp_int_backend<> >]	32	static
tuple_basic.hpp:492:3:boost::tuples::tuple<T0, T1, T2, T3, T4, T5, T6, T7, T8, T9>::tuple(typename boost::tuples::access_traits<T0>::parameter_type, typename boost::tuples::access_traits<TT>::parameter_type) [with T0 = boost::error_info<dev::tag_required, boost::multiprecision::number<boost::multiprecision::backends::cpp_int_backend<> > >; T1 = boost::error_info<dev::tag_got, boost::multiprecision::number<boost::multiprecision::backends::cpp_int_backend<> > >; T2 = boost::tuples::null_type; T3 = boost::tuples::null_type; T4 = boost::tuples::null_type; T5 = boost::tuples::null_type; T6 = boost::tuples::null_type; T7 = boost::tuples::null_type; T8 = boost::tuples::null_type; T9 = boost::tuples::null_type]	32	static
cpp_int.hpp:338:9:void boost::multiprecision::backends::cpp_int_base<MinBits, MaxBits, (boost::multiprecision::cpp_integer_type)1, Checked, Allocator, false>::assign(const boost::multiprecision::backends::cpp_int_base<MinBits, MaxBits, (boost::multiprecision::cpp_integer_type)1, Checked, Allocator, false>&) [with unsigned int MinBits = 0; unsigned int MaxBits = 4294967295; boost::multiprecision::cpp_int_check_type Checked = (boost::multiprecision::cpp_int_check_type)0; Allocator = std::allocator<long long unsigned int>]	32	static
cpp_int.hpp:1221:9:void boost::multiprecision::backends::cpp_int_backend<MinBits, MaxBits, SignType, Checked, Allocator>::do_assign_arithmetic(boost::multiprecision::double_limb_type, const false_&) [with unsigned int MinBits = 0; unsigned int MaxBits = 0; boost::multiprecision::cpp_integer_type SignType = (boost::multiprecision::cpp_integer_type)1; boost::multiprecision::cpp_int_check_type Checked = (boost::multiprecision::cpp_int_check_type)0; Allocator = std::allocator<long long unsigned int>]	16	static
info.hpp:157:9:const E& boost::exception_detail::set_info(const E&, const boost::error_info<Tag, T>&) [with E = dev::eth::StackUnderflow; Tag = dev::tag_required; T = boost::multiprecision::number<boost::multiprecision::backends::cpp_int_backend<> >]	96	static
info.hpp:157:9:const E& boost::exception_detail::set_info(const E&, const boost::error_info<Tag, T>&) [with E = dev::eth::StackUnderflow; Tag = dev::tag_got; T = boost::multiprecision::number<boost::multiprecision::backends::cpp_int_backend<> >]	96	static
info.hpp:157:9:const E& boost::exception_detail::set_info(const E&, const boost::error_info<Tag, T>&) [with E = dev::eth::OutOfStack; Tag = dev::tag_required; T = boost::multiprecision::number<boost::multiprecision::backends::cpp_int_backend<> >]	96	static
info.hpp:157:9:const E& boost::exception_detail::set_info(const E&, const boost::error_info<Tag, T>&) [with E = dev::eth::OutOfStack; Tag = dev::tag_got; T = boost::multiprecision::number<boost::multiprecision::backends::cpp_int_backend<> >]	96	static
VMCalls.cpp:65:6:void dev::eth::VM::throwBadStack(int, int)	432	static
info.hpp:157:9:const E& boost::exception_detail::set_info(const E&, const boost::error_info<Tag, T>&) [with E = dev::eth::BufferOverrun; Tag = dev::tag_required; T = boost::multiprecision::number<boost::multiprecision::backends::cpp_int_backend<> >]	96	static
info.hpp:157:9:const E& boost::exception_detail::set_info(const E&, const boost::error_info<Tag, T>&) [with E = dev::eth::BufferOverrun; Tag = dev::tag_got; T = boost::multiprecision::number<boost::multiprecision::backends::cpp_int_backend<> >]	96	static
VMCalls.cpp:81:6:void dev::eth::VM::throwBufferOverrun(const bigint&)	400	static
vector.tcc:278:7:void std::vector<_Tp, _Alloc>::_M_assign_aux(_ForwardIterator, _ForwardIterator, std::forward_iterator_tag) [with _ForwardIterator = const unsigned char*; _Tp = unsigned char; _Alloc = std::allocator<unsigned char>]	48	static
throw_exception.hpp:62:46:void boost::throw_exception(const E&) [with E = boost::exception_detail::error_info_injector<std::out_of_range>]	96	static
number_base.hpp:967:6:void boost::multiprecision::detail::check_shift_range(V, const false_&, const true_&) [with V = int]	112	static
CommonData.h:138:10:T dev::fromBigEndian(const _In&) [with T = boost::multiprecision::number<boost::multiprecision::backends::cpp_int_backend<256, 256, (boost::multiprecision::cpp_integer_type)0, (boost::multiprecision::cpp_int_check_type)0, void> >; _In = unsigned char [32]]	176	static
VMCalls.cpp:198:6:bool dev::eth::VM::caseCallSetup(evmc_message&, dev::bytesRef&)	576	static
VMCalls.cpp:167:6:void dev::eth::VM::caseCall()	304	dynamic,bounded
multiply.hpp:76:4:typename boost::enable_if_c<(((! boost::multiprecision::backends::is_trivial_cpp_int<boost::multiprecision::backends::cpp_int_backend<MinBits, MaxBits, SignType, Checked, Allocator> >::value) && (! boost::multiprecision::backends::is_trivial_cpp_int<boost::multiprecision::backends::cpp_int_backend<MinBits2, MaxBits2, SignType2, Checked2, Allocator2> >::value)) && (! boost::multiprecision::backends::is_trivial_cpp_int<boost::multiprecision::backends::cpp_int_backend<MinBits3, MaxBits3, SignType3, Checked3, Allocator3> >::value))>::type boost::multiprecision::backends::eval_multiply(boost::multiprecision::backends::cpp_int_backend<MinBits, MaxBits, SignType, Checked, Allocator>&, const boost::multiprecision::backends::cpp_int_backend<MinBits2, MaxBits2, SignType2, Checked2, Allocator2>&, const boost::multiprecision::backends::cpp_int_backend<MinBits3, MaxBits3, SignType3, Checked3, Allocator3>&) [with unsigned int MinBits1 = 256; unsigned int MaxBits1 = 256; boost::multiprecision::cpp_integer_type SignType1 = (boost::multiprecision::cpp_integer_type)0; boost::multiprecision::cpp_int_check_type Checked1 = (boost::multiprecision::cpp_int_check_type)0; Allocator1 = void; unsigned int MinBits2 = 256; unsigned int MaxBits2 = 256; boost::multiprecision::cpp_integer_type SignType2 = (boost::multiprecision::cpp_integer_type)0; boost::multiprecision::cpp_int_check_type Checked2 = (boost::multiprecision::cpp_int_check_type)0; Allocator2 = void; unsigned int MinBits3 = 256; unsigned int MaxBits3 = 256; boost::multiprecision::cpp_integer_type SignType3 = (boost::multiprecision::cpp_integer_type)0; boost::multiprecision::cpp_int_check_type Checked3 = (boost::multiprecision::cpp_int_check_type)0; Allocator3 = void]	160	static
Common.h:184:33:dev::u256 dev::exp10() [with long unsigned int n = 9]	576	static
Common.h:184:33:dev::u256 dev::exp10() [with long unsigned int n = 12]	288	static
Common.h:184:33:dev::u256 dev::exp10() [with long unsigned int n = 15]	432	static
Common.h:184:33:dev::u256 dev::exp10() [with long unsigned int n = 18]	576	static
bitwise.hpp:310:13:void boost::multiprecision::backends::left_shift_byte(Int&, boost::multiprecision::double_limb_type) [with Int = boost::multiprecision::backends::cpp_int_backend<160, 160, (boost::multiprecision::cpp_integer_type)0, (boost::multiprecision::cpp_int_check_type)0, void>]	32	static
bitwise.hpp:372:13:void boost::multiprecision::backends::left_shift_generic(Int&, boost::multiprecision::double_limb_type) [with Int = boost::multiprecision::backends::cpp_int_backend<160, 160, (boost::multiprecision::cpp_integer_type)0, (boost::multiprecision::cpp_int_check_type)0, void>]	64	static
VMCalls.cpp:107:6:void dev::eth::VM::caseCreate()	864	dynamic,bounded
throw_exception.hpp:62:46:void boost::throw_exception(const E&) [with E = boost::exception_detail::error_info_injector<std::runtime_error>]	96	static
cpp_int.hpp:1845:8:int boost::multiprecision::backends::cpp_int_backend<MinBits, MaxBits, SignType, Checked, Allocator>::compare_unsigned(const boost::multiprecision::backends::cpp_int_backend<MinBits2, MaxBits2, SignType2, Checked2, Allocator2>&) const [with unsigned int MinBits2 = 0; unsigned int MaxBits2 = 0; boost::multiprecision::cpp_integer_type SignType2 = (boost::multiprecision::cpp_integer_type)1; boost::multiprecision::cpp_int_check_type Checked2 = (boost::multiprecision::cpp_int_check_type)0; Allocator2 = std::allocator<long long unsigned int>; unsigned int MinBits = 0; unsigned int MaxBits = 0; boost::multiprecision::cpp_integer_type SignType = (boost::multiprecision::cpp_integer_type)1; boost::multiprecision::cpp_int_check_type Checked = (boost::multiprecision::cpp_int_check_type)0; Allocator = std::allocator<long long unsigned int>]	8	static
divide.hpp:320:6:void boost::multiprecision::backends::divide_unsigned_helper(CppInt1*, const CppInt2&, boost::multiprecision::limb_type, CppInt1&) [with CppInt1 = boost::multiprecision::backends::cpp_int_backend<>; CppInt2 = boost::multiprecision::backends::cpp_int_backend<>]	192	static
exception.hpp:348:9:boost::exception_detail::error_info_injector<boost::bad_lexical_cast>::error_info_injector(const boost::exception_detail::error_info_injector<boost::bad_lexical_cast>&)	32	static
exception.hpp:497:13:void boost::exception_detail::clone_impl<T>::rethrow() const [with T = boost::exception_detail::error_info_injector<boost::bad_lexical_cast>]	32	static
exception.hpp:497:13:virtual void boost::exception_detail::clone_impl<boost::exception_detail::error_info_injector<boost::bad_lexical_cast> >::_ZTv0_n32_NK5boost16exception_detail10clone_implINS0_19error_info_injectorINS_16bad_lexical_castEEEE7rethrowEv() const	32	static
throw_exception.hpp:62:46:void boost::throw_exception(const E&) [with E = boost::bad_lexical_cast]	112	static
add.hpp:22:13:void boost::multiprecision::backends::add_unsigned(CppInt1&, const CppInt2&, const CppInt3&) [with CppInt1 = boost::multiprecision::backends::cpp_int_backend<>; CppInt2 = boost::multiprecision::backends::cpp_int_backend<>; CppInt3 = boost::multiprecision::backends::cpp_int_backend<>]	144	static
add.hpp:139:13:void boost::multiprecision::backends::subtract_unsigned(CppInt1&, const CppInt2&, const CppInt3&) [with CppInt1 = boost::multiprecision::backends::cpp_int_backend<>; CppInt2 = boost::multiprecision::backends::cpp_int_backend<>; CppInt3 = boost::multiprecision::backends::cpp_int_backend<>]	144	static
add.hpp:447:4:typename boost::enable_if_c<(((! boost::multiprecision::backends::is_trivial_cpp_int<boost::multiprecision::backends::cpp_int_backend<MinBits, MaxBits, SignType, Checked, Allocator> >::value) && (! boost::multiprecision::backends::is_trivial_cpp_int<boost::multiprecision::backends::cpp_int_backend<MinBits2, MaxBits2, SignType2, Checked2, Allocator2> >::value)) && (! boost::multiprecision::backends::is_trivial_cpp_int<boost::multiprecision::backends::cpp_int_backend<MinBits3, MaxBits3, SignType3, Checked3, Allocator3> >::value))>::type boost::multiprecision::backends::eval_subtract(boost::multiprecision::backends::cpp_int_backend<MinBits, MaxBits, SignType, Checked, Allocator>&, const boost::multiprecision::backends::cpp_int_backend<MinBits2, MaxBits2, SignType2, Checked2, Allocator2>&, const boost::multiprecision::backends::cpp_int_backend<MinBits3, MaxBits3, SignType3, Checked3, Allocator3>&) [with unsigned int MinBits1 = 0; unsigned int MaxBits1 = 0; boost::multiprecision::cpp_integer_type SignType1 = (boost::multiprecision::cpp_integer_type)1; boost::multiprecision::cpp_int_check_type Checked1 = (boost::multiprecision::cpp_int_check_type)0; Allocator1 = std::allocator<long long unsigned int>; unsigned int MinBits2 = 0; unsigned int MaxBits2 = 0; boost::multiprecision::cpp_integer_type SignType2 = (boost::multiprecision::cpp_integer_type)1; boost::multiprecision::cpp_int_check_type Checked2 = (boost::multiprecision::cpp_int_check_type)0; Allocator2 = std::allocator<long long unsigned int>; unsigned int MinBits3 = 0; unsigned int MaxBits3 = 0; boost::multiprecision::cpp_integer_type SignType3 = (boost::multiprecision::cpp_integer_type)1; boost::multiprecision::cpp_int_check_type Checked3 = (boost::multiprecision::cpp_int_check_type)0; Allocator3 = std::allocator<long long unsigned int>]	8	static
add.hpp:223:13:void boost::multiprecision::backends::subtract_unsigned(CppInt1&, const CppInt2&, const limb_type&) [with CppInt1 = boost::multiprecision::backends::cpp_int_backend<>; CppInt2 = boost::multiprecision::backends::cpp_int_backend<>]	32	static
add.hpp:97:13:void boost::multiprecision::backends::add_unsigned(CppInt1&, const CppInt2&, const limb_type&) [with CppInt1 = boost::multiprecision::backends::cpp_int_backend<>; CppInt2 = boost::multiprecision::backends::cpp_int_backend<>]	80	static
add.hpp:415:4:typename boost::enable_if_c<(! boost::multiprecision::backends::is_trivial_cpp_int<boost::multiprecision::backends::cpp_int_backend<MinBits, MaxBits, SignType, Checked, Allocator> >::value)>::type boost::multiprecision::backends::eval_increment(boost::multiprecision::backends::cpp_int_backend<MinBits, MaxBits, SignType, Checked, Allocator>&) [with unsigned int MinBits1 = 0; unsigned int MaxBits1 = 0; boost::multiprecision::cpp_integer_type SignType1 = (boost::multiprecision::cpp_integer_type)1; boost::multiprecision::cpp_int_check_type Checked1 = (boost::multiprecision::cpp_int_check_type)0; Allocator1 = std::allocator<long long unsigned int>]	8	static
add.hpp:427:4:typename boost::enable_if_c<(! boost::multiprecision::backends::is_trivial_cpp_int<boost::multiprecision::backends::cpp_int_backend<MinBits, MaxBits, SignType, Checked, Allocator> >::value)>::type boost::multiprecision::backends::eval_decrement(boost::multiprecision::backends::cpp_int_backend<MinBits, MaxBits, SignType, Checked, Allocator>&) [with unsigned int MinBits1 = 0; unsigned int MaxBits1 = 0; boost::multiprecision::cpp_integer_type SignType1 = (boost::multiprecision::cpp_integer_type)1; boost::multiprecision::cpp_int_check_type Checked1 = (boost::multiprecision::cpp_int_check_type)0; Allocator1 = std::allocator<long long unsigned int>]	8	static
divide.hpp:14:6:void boost::multiprecision::backends::divide_unsigned_helper(CppInt1*, const CppInt2&, const CppInt3&, CppInt1&) [with CppInt1 = boost::multiprecision::backends::cpp_int_backend<>; CppInt2 = boost::multiprecision::backends::cpp_int_backend<>; CppInt3 = boost::multiprecision::backends::cpp_int_backend<>]	192	static
lcast_unsigned_converters.hpp:93:20:CharT* boost::detail::lcast_put_unsigned<Traits, T, CharT>::convert() [with Traits = std::char_traits<char>; T = long long unsigned int; CharT = char]	112	static
VMCalls.cpp:296:1:cpp)	240	static
cpp_int.hpp:1630:16:std::__cxx11::string boost::multiprecision::backends::cpp_int_backend<MinBits, MaxBits, SignType, Checked, Allocator>::do_get_string(std::ios_base::fmtflags, const false_&) const [with unsigned int MinBits = 0; unsigned int MaxBits = 0; boost::multiprecision::cpp_integer_type SignType = (boost::multiprecision::cpp_integer_type)1; boost::multiprecision::cpp_int_check_type Checked = (boost::multiprecision::cpp_int_check_type)0; Allocator = std::allocator<long long unsigned int>]	384	static
info.hpp:37:5:std::__cxx11::string boost::to_string(const boost::error_info<Tag, T>&) [with Tag = dev::tag_got; T = boost::multiprecision::number<boost::multiprecision::backends::cpp_int_backend<> >]	592	static
info.hpp:45:5:std::__cxx11::string boost::error_info<Tag, T>::name_value_string() const [with Tag = dev::tag_got; T = boost::multiprecision::number<boost::multiprecision::backends::cpp_int_backend<> >]	32	static
info.hpp:37:5:std::__cxx11::string boost::to_string(const boost::error_info<Tag, T>&) [with Tag = dev::tag_required; T = boost::multiprecision::number<boost::multiprecision::backends::cpp_int_backend<> >]	592	static
info.hpp:45:5:std::__cxx11::string boost::error_info<Tag, T>::name_value_string() const [with Tag = dev::tag_required; T = boost::multiprecision::number<boost::multiprecision::backends::cpp_int_backend<> >]	32	static
