sp_counted_base_std_atomic.hpp:87:18:virtual void boost::detail::sp_counted_base::destroy()	8	static
info.hpp:122:13:virtual void boost::exception_detail::error_info_container_impl::add_ref() const	8	static
EVMSchedule.h:28:8:dev::eth::EVMSchedule::~EVMSchedule()	8	static
error_code.hpp:233:30:virtual const char* boost::system::error_category::std_category::name() const	8	static
error_code.hpp:238:29:virtual std::__cxx11::string boost::system::error_category::std_category::message(int) const	32	static
error_code.hpp:621:21:virtual boost::system::error_condition boost::system::error_category::default_error_condition(int) const	8	static
error_code.hpp:633:10:virtual bool boost::system::error_category::equivalent(const boost::system::error_code&, int) const	8	static
sp_counted_impl.hpp:67:25:boost::detail::sp_counted_impl_p<boost::exception_detail::clone_impl<boost::exception_detail::bad_exception_> >::~sp_counted_impl_p()	8	static
sp_counted_impl.hpp:67:25:boost::detail::sp_counted_impl_p<boost::exception_detail::clone_impl<boost::exception_detail::bad_alloc_> >::~sp_counted_impl_p()	8	static
sp_counted_impl.hpp:67:25:boost::detail::sp_counted_impl_p<boost::exception_detail::error_info_base>::~sp_counted_impl_p()	8	static
sp_counted_impl.hpp:95:20:void* boost::detail::sp_counted_impl_p<X>::get_deleter(const sp_typeinfo&) [with X = boost::exception_detail::clone_impl<boost::exception_detail::bad_exception_>]	8	static
sp_counted_impl.hpp:100:20:void* boost::detail::sp_counted_impl_p<X>::get_local_deleter(const sp_typeinfo&) [with X = boost::exception_detail::clone_impl<boost::exception_detail::bad_exception_>]	8	static
sp_counted_impl.hpp:105:20:void* boost::detail::sp_counted_impl_p<X>::get_untyped_deleter() [with X = boost::exception_detail::clone_impl<boost::exception_detail::bad_exception_>]	8	static
sp_counted_impl.hpp:95:20:void* boost::detail::sp_counted_impl_p<X>::get_deleter(const sp_typeinfo&) [with X = boost::exception_detail::clone_impl<boost::exception_detail::bad_alloc_>]	8	static
sp_counted_impl.hpp:100:20:void* boost::detail::sp_counted_impl_p<X>::get_local_deleter(const sp_typeinfo&) [with X = boost::exception_detail::clone_impl<boost::exception_detail::bad_alloc_>]	8	static
sp_counted_impl.hpp:105:20:void* boost::detail::sp_counted_impl_p<X>::get_untyped_deleter() [with X = boost::exception_detail::clone_impl<boost::exception_detail::bad_alloc_>]	8	static
sp_counted_impl.hpp:87:18:void boost::detail::sp_counted_impl_p<X>::dispose() [with X = boost::exception_detail::error_info_base]	8	static
sp_counted_impl.hpp:95:20:void* boost::detail::sp_counted_impl_p<X>::get_deleter(const sp_typeinfo&) [with X = boost::exception_detail::error_info_base]	8	static
sp_counted_impl.hpp:100:20:void* boost::detail::sp_counted_impl_p<X>::get_local_deleter(const sp_typeinfo&) [with X = boost::exception_detail::error_info_base]	8	static
sp_counted_impl.hpp:105:20:void* boost::detail::sp_counted_impl_p<X>::get_untyped_deleter() [with X = boost::exception_detail::error_info_base]	8	static
sp_counted_impl.hpp:67:25:virtual boost::detail::sp_counted_impl_p<boost::exception_detail::clone_impl<boost::exception_detail::bad_exception_> >::~sp_counted_impl_p()	8	static
sp_counted_impl.hpp:67:25:virtual boost::detail::sp_counted_impl_p<boost::exception_detail::clone_impl<boost::exception_detail::bad_alloc_> >::~sp_counted_impl_p()	8	static
sp_counted_impl.hpp:67:25:virtual boost::detail::sp_counted_impl_p<boost::exception_detail::error_info_base>::~sp_counted_impl_p()	8	static
exception.hpp:497:13:void boost::exception_detail::clone_impl<T>::rethrow() const [with T = boost::exception_detail::bad_exception_]	32	static
exception.hpp:497:13:void boost::exception_detail::clone_impl<T>::rethrow() const [with T = boost::exception_detail::bad_alloc_]	32	static
system_error.hpp:59:25:virtual const char* boost::system::system_error::what() const	96	static
system_error.hpp:47:15:boost::system::system_error::~system_error()	16	static
error_code.hpp:221:13:boost::system::error_category::std_category::~std_category()	8	static
error_code.hpp:221:13:virtual boost::system::error_category::std_category::~std_category()	16	static
basic_string.tcc:206:7:void std::__cxx11::basic_string<_CharT, _Traits, _Alloc>::_M_construct(_InIterator, _InIterator, std::forward_iterator_tag) [with _FwdIterator = const char*; _CharT = char; _Traits = std::char_traits<char>; _Alloc = std::allocator<char>]	48	static
error_code.hpp:641:33:virtual std::error_condition boost::system::error_category::std_category::default_error_condition(int) const	16	static
error_code.hpp:627:10:virtual bool boost::system::error_category::equivalent(int, const boost::system::error_condition&) const	16	static
error_code.hpp:677:17:virtual bool boost::system::error_category::std_category::equivalent(const std::error_code&, int) const	80	static
system_error.hpp:47:15:virtual boost::system::system_error::~system_error()	16	static
exception.hpp:497:13:virtual void boost::exception_detail::clone_impl<boost::exception_detail::bad_alloc_>::_ZTv0_n32_NK5boost16exception_detail10clone_implINS0_10bad_alloc_EE7rethrowEv() const	32	static
exception.hpp:497:13:virtual void boost::exception_detail::clone_impl<boost::exception_detail::bad_exception_>::_ZTv0_n32_NK5boost16exception_detail10clone_implINS0_14bad_exception_EE7rethrowEv() const	32	static
exception_ptr.hpp:42:5:boost::exception_ptr::~exception_ptr()	16	static
error_code.hpp:647:17:virtual bool boost::system::error_category::std_category::equivalent(int, const std::error_condition&) const	80	static
info.hpp:78:13:virtual boost::shared_ptr<boost::exception_detail::error_info_base> boost::exception_detail::error_info_container_impl::get(const boost::exception_detail::type_info_&) const	48	static
info.hpp:93:13:virtual const char* boost::exception_detail::error_info_container_impl::diagnostic_information(const char*) const	560	static
sp_counted_base_std_atomic.hpp:106:10:void boost::detail::sp_counted_base::release()	16	static
EVMSchedule.h:28:8:dev::eth::EVMSchedule::EVMSchedule(const dev::eth::EVMSchedule&)	8	static
VMOpt.cpp:25:6:static void dev::eth::VM::initMetrics()	16	static
VMOpt.cpp:42:6:void dev::eth::VM::copyCode(int)	80	static
cpp_int.hpp:659:9:void boost::multiprecision::backends::cpp_int_base<MinBits, MinBits, (boost::multiprecision::cpp_integer_type)0, Checked, void, false>::negate() [with unsigned int MinBits = 256; boost::multiprecision::cpp_int_check_type Checked = (boost::multiprecision::cpp_int_check_type)0]	16	static
stl_tree.h:1850:5:void std::_Rb_tree<_Key, _Val, _KeyOfValue, _Compare, _Alloc>::_M_erase(std::_Rb_tree<_Key, _Val, _KeyOfValue, _Compare, _Alloc>::_Link_type) [with _Key = boost::exception_detail::type_info_; _Val = std::pair<const boost::exception_detail::type_info_, boost::shared_ptr<boost::exception_detail::error_info_base> >; _KeyOfValue = std::_Select1st<std::pair<const boost::exception_detail::type_info_, boost::shared_ptr<boost::exception_detail::error_info_base> > >; _Compare = std::less<boost::exception_detail::type_info_>; _Alloc = std::allocator<std::pair<const boost::exception_detail::type_info_, boost::shared_ptr<boost::exception_detail::error_info_base> > >]	48	static
info.hpp:128:13:virtual bool boost::exception_detail::error_info_container_impl::release() const	16	static
exception_ptr.hpp:108:17:boost::exception_detail::bad_alloc_::~bad_alloc_()	16	static
exception_ptr.hpp:116:17:boost::exception_detail::bad_exception_::~bad_exception_()	16	static
exception.hpp:440:9:void boost::exception_detail::copy_boost_exception(boost::exception*, const boost::exception*)	64	static
exception.hpp:491:13:const boost::exception_detail::clone_base* boost::exception_detail::clone_impl<T>::clone() const [with T = boost::exception_detail::bad_alloc_]	32	static
exception.hpp:484:13:virtual void boost::exception_detail::clone_impl<boost::exception_detail::bad_alloc_>::_ZThn40_N5boost16exception_detail10clone_implINS0_10bad_alloc_EED1Ev()	16	static
exception_ptr.hpp:108:17:virtual void boost::exception_detail::bad_alloc_::_ZThn40_N5boost16exception_detail10bad_alloc_D0Ev()	32	static
exception.hpp:484:13:virtual void boost::exception_detail::clone_impl<boost::exception_detail::bad_exception_>::_ZThn40_N5boost16exception_detail10clone_implINS0_14bad_exception_EED0Ev()	32	static
exception.hpp:484:13:virtual void boost::exception_detail::clone_impl<boost::exception_detail::bad_alloc_>::_ZTv0_n40_N5boost16exception_detail10clone_implINS0_10bad_alloc_EED1Ev()	16	static
exception.hpp:484:13:virtual void boost::exception_detail::clone_impl<boost::exception_detail::bad_exception_>::_ZTv0_n40_N5boost16exception_detail10clone_implINS0_14bad_exception_EED0Ev()	32	static
exception.hpp:484:13:virtual void boost::exception_detail::clone_impl<boost::exception_detail::bad_alloc_>::_ZTv0_n40_N5boost16exception_detail10clone_implINS0_10bad_alloc_EED0Ev()	32	static
exception_ptr.hpp:116:17:virtual void boost::exception_detail::bad_exception_::_ZThn40_N5boost16exception_detail14bad_exception_D0Ev()	32	static
exception.hpp:484:13:virtual void boost::exception_detail::clone_impl<boost::exception_detail::bad_alloc_>::_ZThn40_N5boost16exception_detail10clone_implINS0_10bad_alloc_EED0Ev()	32	static
exception.hpp:484:13:virtual void boost::exception_detail::clone_impl<boost::exception_detail::bad_exception_>::_ZTv0_n40_N5boost16exception_detail10clone_implINS0_14bad_exception_EED1Ev()	16	static
exception.hpp:484:13:virtual void boost::exception_detail::clone_impl<boost::exception_detail::bad_exception_>::_ZThn40_N5boost16exception_detail10clone_implINS0_14bad_exception_EED1Ev()	16	static
exception_ptr.hpp:108:17:virtual boost::exception_detail::bad_alloc_::~bad_alloc_()	32	static
exception_ptr.hpp:116:17:virtual boost::exception_detail::bad_exception_::~bad_exception_()	32	static
exception.hpp:484:13:boost::exception_detail::clone_impl<T>::~clone_impl() [with T = boost::exception_detail::bad_alloc_]	16	static
exception.hpp:484:13:boost::exception_detail::clone_impl<T>::~clone_impl() [with T = boost::exception_detail::bad_exception_]	16	static
exception_ptr.hpp:108:17:virtual void boost::exception_detail::bad_alloc_::_ZThn40_N5boost16exception_detail10bad_alloc_D1Ev()	16	static
exception_ptr.hpp:116:17:virtual void boost::exception_detail::bad_exception_::_ZThn40_N5boost16exception_detail14bad_exception_D1Ev()	16	static
exception.hpp:484:13:boost::exception_detail::clone_impl<T>::~clone_impl() [with T = boost::exception_detail::bad_alloc_]	32	static
exception.hpp:484:13:boost::exception_detail::clone_impl<T>::~clone_impl() [with T = boost::exception_detail::bad_exception_]	32	static
sp_counted_impl.hpp:87:18:void boost::detail::sp_counted_impl_p<X>::dispose() [with X = boost::exception_detail::clone_impl<boost::exception_detail::bad_alloc_>]	32	static
sp_counted_impl.hpp:87:18:void boost::detail::sp_counted_impl_p<X>::dispose() [with X = boost::exception_detail::clone_impl<boost::exception_detail::bad_exception_>]	32	static
exception_ptr.hpp:121:9:boost::exception_ptr boost::exception_detail::get_static_exception_object() [with Exception = boost::exception_detail::bad_exception_]	208	static
exception_ptr.hpp:121:9:boost::exception_ptr boost::exception_detail::get_static_exception_object() [with Exception = boost::exception_detail::bad_alloc_]	208	static
exception.hpp:491:13:virtual const boost::exception_detail::clone_base* boost::exception_detail::clone_impl<boost::exception_detail::bad_exception_>::_ZTv0_n24_NK5boost16exception_detail10clone_implINS0_14bad_exception_EE5cloneEv() const	64	static
exception.hpp:491:13:virtual const boost::exception_detail::clone_base* boost::exception_detail::clone_impl<boost::exception_detail::bad_alloc_>::_ZTv0_n24_NK5boost16exception_detail10clone_implINS0_10bad_alloc_EE5cloneEv() const	64	static
exception.hpp:491:13:const boost::exception_detail::clone_base* boost::exception_detail::clone_impl<T>::clone() const [with T = boost::exception_detail::bad_exception_]	64	static
vector.tcc:394:7:) [with _Args = {const long unsigned int&}; _Tp = long unsigned int; _Alloc = std::allocator<long unsigned int>]	80	static
VMOpt.cpp:53:6:void dev::eth::VM::optimize()	48	static
VMOpt.cpp:171:6:void dev::eth::VM::initEntry()	16	static
stl_tree.h:2028:5:std::pair<std::_Rb_tree_node_base*, std::_Rb_tree_node_base*> std::_Rb_tree<_Key, _Val, _KeyOfValue, _Compare, _Alloc>::_M_get_insert_unique_pos(const key_type&) [with _Key = boost::exception_detail::type_info_; _Val = std::pair<const boost::exception_detail::type_info_, boost::shared_ptr<boost::exception_detail::error_info_base> >; _KeyOfValue = std::_Select1st<std::pair<const boost::exception_detail::type_info_, boost::shared_ptr<boost::exception_detail::error_info_base> > >; _Compare = std::less<boost::exception_detail::type_info_>; _Alloc = std::allocator<std::pair<const boost::exception_detail::type_info_, boost::shared_ptr<boost::exception_detail::error_info_base> > >]	64	static
stl_tree.h:2130:5:std::pair<std::_Rb_tree_node_base*, std::_Rb_tree_node_base*> std::_Rb_tree<_Key, _Val, _KeyOfValue, _Compare, _Alloc>::_M_get_insert_hint_unique_pos(std::_Rb_tree<_Key, _Val, _KeyOfValue, _Compare, _Alloc>::const_iterator, const key_type&) [with _Key = boost::exception_detail::type_info_; _Val = std::pair<const boost::exception_detail::type_info_, boost::shared_ptr<boost::exception_detail::error_info_base> >; _KeyOfValue = std::_Select1st<std::pair<const boost::exception_detail::type_info_, boost::shared_ptr<boost::exception_detail::error_info_base> > >; _Compare = std::less<boost::exception_detail::type_info_>; _Alloc = std::allocator<std::pair<const boost::exception_detail::type_info_, boost::shared_ptr<boost::exception_detail::error_info_base> > >]	64	static
info.hpp:70:13:virtual void boost::exception_detail::error_info_container_impl::set(const boost::shared_ptr<boost::exception_detail::error_info_base>&, const boost::exception_detail::type_info_&)	80	static
info.hpp:140:13:virtual boost::exception_detail::refcount_ptr<boost::exception_detail::error_info_container> boost::exception_detail::error_info_container_impl::clone() const	144	static
multiply.hpp:20:4:typename boost::enable_if_c<((! boost::multiprecision::backends::is_trivial_cpp_int<boost::multiprecision::backends::cpp_int_backend<MinBits, MaxBits, SignType, Checked, Allocator> >::value) && (! boost::multiprecision::backends::is_trivial_cpp_int<boost::multiprecision::backends::cpp_int_backend<MinBits2, MaxBits2, SignType2, Checked2, Allocator2> >::value))>::type boost::multiprecision::backends::eval_multiply(boost::multiprecision::backends::cpp_int_backend<MinBits, MaxBits, SignType, Checked, Allocator>&, const boost::multiprecision::backends::cpp_int_backend<MinBits2, MaxBits2, SignType2, Checked2, Allocator2>&, const limb_type&) [with unsigned int MinBits1 = 256; unsigned int MaxBits1 = 256; boost::multiprecision::cpp_integer_type SignType1 = (boost::multiprecision::cpp_integer_type)0; boost::multiprecision::cpp_int_check_type Checked1 = (boost::multiprecision::cpp_int_check_type)0; Allocator1 = void; unsigned int MinBits2 = 256; unsigned int MaxBits2 = 256; boost::multiprecision::cpp_integer_type SignType2 = (boost::multiprecision::cpp_integer_type)0; boost::multiprecision::cpp_int_check_type Checked2 = (boost::multiprecision::cpp_int_check_type)0; Allocator2 = void]	8	static
multiply.hpp:227:4:typename boost::enable_if_c<((! boost::multiprecision::backends::is_trivial_cpp_int<boost::multiprecision::backends::cpp_int_backend<MinBits, MaxBits, SignType, Checked, Allocator> >::value) && (! boost::multiprecision::backends::is_trivial_cpp_int<boost::multiprecision::backends::cpp_int_backend<MinBits2, MaxBits2, SignType2, Checked2, Allocator2> >::value))>::type boost::multiprecision::backends::eval_multiply(boost::multiprecision::backends::cpp_int_backend<MinBits, MaxBits, SignType, Checked, Allocator>&, const boost::multiprecision::backends::cpp_int_backend<MinBits2, MaxBits2, SignType2, Checked2, Allocator2>&, const signed_limb_type&) [with unsigned int MinBits1 = 256; unsigned int MaxBits1 = 256; boost::multiprecision::cpp_integer_type SignType1 = (boost::multiprecision::cpp_integer_type)0; boost::multiprecision::cpp_int_check_type Checked1 = (boost::multiprecision::cpp_int_check_type)0; Allocator1 = void; unsigned int MinBits2 = 256; unsigned int MaxBits2 = 256; boost::multiprecision::cpp_integer_type SignType2 = (boost::multiprecision::cpp_integer_type)0; boost::multiprecision::cpp_int_check_type Checked2 = (boost::multiprecision::cpp_int_check_type)0; Allocator2 = void]	32	static
multiply.hpp:76:4:typename boost::enable_if_c<(((! boost::multiprecision::backends::is_trivial_cpp_int<boost::multiprecision::backends::cpp_int_backend<MinBits, MaxBits, SignType, Checked, Allocator> >::value) && (! boost::multiprecision::backends::is_trivial_cpp_int<boost::multiprecision::backends::cpp_int_backend<MinBits2, MaxBits2, SignType2, Checked2, Allocator2> >::value)) && (! boost::multiprecision::backends::is_trivial_cpp_int<boost::multiprecision::backends::cpp_int_backend<MinBits3, MaxBits3, SignType3, Checked3, Allocator3> >::value))>::type boost::multiprecision::backends::eval_multiply(boost::multiprecision::backends::cpp_int_backend<MinBits, MaxBits, SignType, Checked, Allocator>&, const boost::multiprecision::backends::cpp_int_backend<MinBits2, MaxBits2, SignType2, Checked2, Allocator2>&, const boost::multiprecision::backends::cpp_int_backend<MinBits3, MaxBits3, SignType3, Checked3, Allocator3>&) [with unsigned int MinBits1 = 256; unsigned int MaxBits1 = 256; boost::multiprecision::cpp_integer_type SignType1 = (boost::multiprecision::cpp_integer_type)0; boost::multiprecision::cpp_int_check_type Checked1 = (boost::multiprecision::cpp_int_check_type)0; Allocator1 = void; unsigned int MinBits2 = 256; unsigned int MaxBits2 = 256; boost::multiprecision::cpp_integer_type SignType2 = (boost::multiprecision::cpp_integer_type)0; boost::multiprecision::cpp_int_check_type Checked2 = (boost::multiprecision::cpp_int_check_type)0; Allocator2 = void; unsigned int MinBits3 = 256; unsigned int MaxBits3 = 256; boost::multiprecision::cpp_integer_type SignType3 = (boost::multiprecision::cpp_integer_type)0; boost::multiprecision::cpp_int_check_type Checked3 = (boost::multiprecision::cpp_int_check_type)0; Allocator3 = void]	144	static
Common.h:184:33:dev::u256 dev::exp10() [with long unsigned int n = 9]	432	static
Common.h:184:33:dev::u256 dev::exp10() [with long unsigned int n = 12]	336	static
Common.h:184:33:dev::u256 dev::exp10() [with long unsigned int n = 15]	480	static
Common.h:184:33:dev::u256 dev::exp10() [with long unsigned int n = 18]	624	static
VMOpt.cpp:185:6:static dev::u256 dev::eth::VM::exp256(dev::u256, dev::u256)	160	static
VMOpt.cpp:199:1:cpp)	240	static
